[2024-07-03T16:25:04.942-0500][gc] Using G1
[2024-07-03T16:25:04.944-0500][gc,init] Version: 17.0.7+8-LTS-224 (release)
[2024-07-03T16:25:04.944-0500][gc,init] CPUs: 8 total, 8 available
[2024-07-03T16:25:04.944-0500][gc,init] Memory: 16384M
[2024-07-03T16:25:04.944-0500][gc,init] Large Page Support: Disabled
[2024-07-03T16:25:04.944-0500][gc,init] NUMA Support: Disabled
[2024-07-03T16:25:04.944-0500][gc,init] Compressed Oops: Enabled (Zero based)
[2024-07-03T16:25:04.944-0500][gc,init] Heap Region Size: 1M
[2024-07-03T16:25:04.944-0500][gc,init] Heap Min Capacity: 1G
[2024-07-03T16:25:04.944-0500][gc,init] Heap Initial Capacity: 1G
[2024-07-03T16:25:04.944-0500][gc,init] Heap Max Capacity: 1G
[2024-07-03T16:25:04.944-0500][gc,init] Pre-touch: Disabled
[2024-07-03T16:25:04.944-0500][gc,init] Parallel Workers: 8
[2024-07-03T16:25:04.944-0500][gc,init] Concurrent Workers: 2
[2024-07-03T16:25:04.944-0500][gc,init] Concurrent Refinement Workers: 8
[2024-07-03T16:25:04.944-0500][gc,init] Periodic GC: Disabled
[2024-07-03T16:25:04.944-0500][gc,metaspace] CDS archive(s) mapped at: [0x0000000800000000-0x0000000800bd8000-0x0000000800bd8000), size 12419072, SharedBaseAddress: 0x0000000800000000, ArchiveRelocationMode: 0.
[2024-07-03T16:25:04.944-0500][gc,metaspace] Compressed class space mapped at: 0x0000000800c00000-0x0000000840c00000, reserved size: 1073741824
[2024-07-03T16:25:04.944-0500][gc,metaspace] Narrow klass base: 0x0000000800000000, Narrow klass shift: 0, Narrow klass range: 0x100000000
[2024-07-03T16:25:05.564-0500][gc,start    ] GC(0) Pause Young (Normal) (G1 Evacuation Pause)
[2024-07-03T16:25:05.564-0500][gc,task     ] GC(0) Using 8 workers of 8 for evacuation
[2024-07-03T16:25:05.568-0500][gc,phases   ] GC(0)   Pre Evacuate Collection Set: 0.2ms
[2024-07-03T16:25:05.568-0500][gc,phases   ] GC(0)   Merge Heap Roots: 0.0ms
[2024-07-03T16:25:05.568-0500][gc,phases   ] GC(0)   Evacuate Collection Set: 2.8ms
[2024-07-03T16:25:05.568-0500][gc,phases   ] GC(0)   Post Evacuate Collection Set: 0.2ms
[2024-07-03T16:25:05.568-0500][gc,phases   ] GC(0)   Other: 0.4ms
[2024-07-03T16:25:05.568-0500][gc,heap     ] GC(0) Eden regions: 51->0(44)
[2024-07-03T16:25:05.568-0500][gc,heap     ] GC(0) Survivor regions: 0->7(7)
[2024-07-03T16:25:05.568-0500][gc,heap     ] GC(0) Old regions: 0->2
[2024-07-03T16:25:05.568-0500][gc,heap     ] GC(0) Archive regions: 2->2
[2024-07-03T16:25:05.568-0500][gc,heap     ] GC(0) Humongous regions: 0->0
[2024-07-03T16:25:05.568-0500][gc,metaspace] GC(0) Metaspace: 18187K(18432K)->18187K(18432K) NonClass: 16178K(16320K)->16178K(16320K) Class: 2009K(2112K)->2009K(2112K)
[2024-07-03T16:25:05.568-0500][gc          ] GC(0) Pause Young (Normal) (G1 Evacuation Pause) 51M->9M(1024M) 3.816ms
[2024-07-03T16:25:05.568-0500][gc,cpu      ] GC(0) User=0.01s Sys=0.01s Real=0.00s
[2024-07-03T16:25:05.672-0500][gc,start    ] GC(1) Pause Young (Concurrent Start) (Metadata GC Threshold)
[2024-07-03T16:25:05.672-0500][gc,task     ] GC(1) Using 8 workers of 8 for evacuation
[2024-07-03T16:25:05.675-0500][gc,phases   ] GC(1)   Pre Evacuate Collection Set: 0.1ms
[2024-07-03T16:25:05.675-0500][gc,phases   ] GC(1)   Merge Heap Roots: 0.0ms
[2024-07-03T16:25:05.675-0500][gc,phases   ] GC(1)   Evacuate Collection Set: 2.6ms
[2024-07-03T16:25:05.675-0500][gc,phases   ] GC(1)   Post Evacuate Collection Set: 0.2ms
[2024-07-03T16:25:05.675-0500][gc,phases   ] GC(1)   Other: 0.1ms
[2024-07-03T16:25:05.675-0500][gc,heap     ] GC(1) Eden regions: 15->0(49)
[2024-07-03T16:25:05.675-0500][gc,heap     ] GC(1) Survivor regions: 7->2(7)
[2024-07-03T16:25:05.675-0500][gc,heap     ] GC(1) Old regions: 2->9
[2024-07-03T16:25:05.675-0500][gc,heap     ] GC(1) Archive regions: 2->2
[2024-07-03T16:25:05.675-0500][gc,heap     ] GC(1) Humongous regions: 0->0
[2024-07-03T16:25:05.675-0500][gc,metaspace] GC(1) Metaspace: 21321K(21504K)->21321K(21504K) NonClass: 18937K(19008K)->18937K(19008K) Class: 2384K(2496K)->2384K(2496K)
[2024-07-03T16:25:05.675-0500][gc          ] GC(1) Pause Young (Concurrent Start) (Metadata GC Threshold) 24M->11M(1024M) 3.222ms
[2024-07-03T16:25:05.675-0500][gc,cpu      ] GC(1) User=0.01s Sys=0.01s Real=0.00s
[2024-07-03T16:25:05.675-0500][gc          ] GC(2) Concurrent Mark Cycle
[2024-07-03T16:25:05.675-0500][gc,marking  ] GC(2) Concurrent Clear Claimed Marks
[2024-07-03T16:25:05.675-0500][gc,marking  ] GC(2) Concurrent Clear Claimed Marks 0.015ms
[2024-07-03T16:25:05.675-0500][gc,marking  ] GC(2) Concurrent Scan Root Regions
[2024-07-03T16:25:05.677-0500][gc,marking  ] GC(2) Concurrent Scan Root Regions 1.678ms
[2024-07-03T16:25:05.677-0500][gc,marking  ] GC(2) Concurrent Mark
[2024-07-03T16:25:05.677-0500][gc,marking  ] GC(2) Concurrent Mark From Roots
[2024-07-03T16:25:05.677-0500][gc,task     ] GC(2) Using 2 workers of 2 for marking
[2024-07-03T16:25:05.679-0500][gc,marking  ] GC(2) Concurrent Mark From Roots 2.454ms
[2024-07-03T16:25:05.679-0500][gc,marking  ] GC(2) Concurrent Preclean
[2024-07-03T16:25:05.679-0500][gc,marking  ] GC(2) Concurrent Preclean 0.016ms
[2024-07-03T16:25:05.679-0500][gc,start    ] GC(2) Pause Remark
[2024-07-03T16:25:05.680-0500][gc          ] GC(2) Pause Remark 11M->11M(1024M) 0.953ms
[2024-07-03T16:25:05.680-0500][gc,cpu      ] GC(2) User=0.00s Sys=0.00s Real=0.01s
[2024-07-03T16:25:05.680-0500][gc,marking  ] GC(2) Concurrent Mark 3.577ms
[2024-07-03T16:25:05.680-0500][gc,marking  ] GC(2) Concurrent Rebuild Remembered Sets
[2024-07-03T16:25:05.682-0500][gc,marking  ] GC(2) Concurrent Rebuild Remembered Sets 1.499ms
[2024-07-03T16:25:05.682-0500][gc,start    ] GC(2) Pause Cleanup
[2024-07-03T16:25:05.682-0500][gc          ] GC(2) Pause Cleanup 11M->11M(1024M) 0.065ms
[2024-07-03T16:25:05.682-0500][gc,cpu      ] GC(2) User=0.00s Sys=0.00s Real=0.00s
[2024-07-03T16:25:05.682-0500][gc,marking  ] GC(2) Concurrent Cleanup for Next Mark
[2024-07-03T16:25:05.683-0500][gc,marking  ] GC(2) Concurrent Cleanup for Next Mark 1.307ms
[2024-07-03T16:25:05.683-0500][gc          ] GC(2) Concurrent Mark Cycle 8.354ms
[2024-07-03T16:25:06.005-0500][gc,start    ] GC(3) Pause Young (Normal) (G1 Evacuation Pause)
[2024-07-03T16:25:06.005-0500][gc,task     ] GC(3) Using 8 workers of 8 for evacuation
[2024-07-03T16:25:06.009-0500][gc,phases   ] GC(3)   Pre Evacuate Collection Set: 0.2ms
[2024-07-03T16:25:06.009-0500][gc,phases   ] GC(3)   Merge Heap Roots: 0.1ms
[2024-07-03T16:25:06.009-0500][gc,phases   ] GC(3)   Evacuate Collection Set: 3.4ms
[2024-07-03T16:25:06.009-0500][gc,phases   ] GC(3)   Post Evacuate Collection Set: 0.2ms
[2024-07-03T16:25:06.009-0500][gc,phases   ] GC(3)   Other: 0.3ms
[2024-07-03T16:25:06.009-0500][gc,heap     ] GC(3) Eden regions: 49->0(46)
[2024-07-03T16:25:06.009-0500][gc,heap     ] GC(3) Survivor regions: 2->5(7)
[2024-07-03T16:25:06.009-0500][gc,heap     ] GC(3) Old regions: 9->9
[2024-07-03T16:25:06.009-0500][gc,heap     ] GC(3) Archive regions: 2->2
[2024-07-03T16:25:06.009-0500][gc,heap     ] GC(3) Humongous regions: 9->9
[2024-07-03T16:25:06.009-0500][gc,metaspace] GC(3) Metaspace: 31989K(32256K)->31989K(32256K) NonClass: 28336K(28480K)->28336K(28480K) Class: 3653K(3776K)->3653K(3776K)
[2024-07-03T16:25:06.009-0500][gc          ] GC(3) Pause Young (Normal) (G1 Evacuation Pause) 69M->23M(1024M) 4.237ms
[2024-07-03T16:25:06.009-0500][gc,cpu      ] GC(3) User=0.01s Sys=0.00s Real=0.00s
[2024-07-03T16:25:06.171-0500][gc,start    ] GC(4) Pause Young (Concurrent Start) (Metadata GC Threshold)
[2024-07-03T16:25:06.171-0500][gc,task     ] GC(4) Using 8 workers of 8 for evacuation
[2024-07-03T16:25:06.177-0500][gc,phases   ] GC(4)   Pre Evacuate Collection Set: 0.2ms
[2024-07-03T16:25:06.177-0500][gc,phases   ] GC(4)   Merge Heap Roots: 0.1ms
[2024-07-03T16:25:06.177-0500][gc,phases   ] GC(4)   Evacuate Collection Set: 4.5ms
[2024-07-03T16:25:06.177-0500][gc,phases   ] GC(4)   Post Evacuate Collection Set: 0.5ms
[2024-07-03T16:25:06.177-0500][gc,phases   ] GC(4)   Other: 0.2ms
[2024-07-03T16:25:06.177-0500][gc,heap     ] GC(4) Eden regions: 21->0(45)
[2024-07-03T16:25:06.177-0500][gc,heap     ] GC(4) Survivor regions: 5->6(7)
[2024-07-03T16:25:06.177-0500][gc,heap     ] GC(4) Old regions: 9->10
[2024-07-03T16:25:06.177-0500][gc,heap     ] GC(4) Archive regions: 2->2
[2024-07-03T16:25:06.177-0500][gc,heap     ] GC(4) Humongous regions: 138->138
[2024-07-03T16:25:06.177-0500][gc,metaspace] GC(4) Metaspace: 35817K(36096K)->35817K(36096K) NonClass: 31804K(31936K)->31804K(31936K) Class: 4013K(4160K)->4013K(4160K)
[2024-07-03T16:25:06.177-0500][gc          ] GC(4) Pause Young (Concurrent Start) (Metadata GC Threshold) 172M->154M(1024M) 5.551ms
[2024-07-03T16:25:06.177-0500][gc,cpu      ] GC(4) User=0.02s Sys=0.01s Real=0.00s
[2024-07-03T16:25:06.177-0500][gc          ] GC(5) Concurrent Mark Cycle
[2024-07-03T16:25:06.177-0500][gc,marking  ] GC(5) Concurrent Clear Claimed Marks
[2024-07-03T16:25:06.177-0500][gc,marking  ] GC(5) Concurrent Clear Claimed Marks 0.024ms
[2024-07-03T16:25:06.177-0500][gc,marking  ] GC(5) Concurrent Scan Root Regions
[2024-07-03T16:25:06.180-0500][gc,marking  ] GC(5) Concurrent Scan Root Regions 2.898ms
[2024-07-03T16:25:06.180-0500][gc,marking  ] GC(5) Concurrent Mark
[2024-07-03T16:25:06.180-0500][gc,marking  ] GC(5) Concurrent Mark From Roots
[2024-07-03T16:25:06.180-0500][gc,task     ] GC(5) Using 2 workers of 2 for marking
[2024-07-03T16:25:06.184-0500][gc,marking  ] GC(5) Concurrent Mark From Roots 4.233ms
[2024-07-03T16:25:06.184-0500][gc,marking  ] GC(5) Concurrent Preclean
[2024-07-03T16:25:06.184-0500][gc,marking  ] GC(5) Concurrent Preclean 0.049ms
[2024-07-03T16:25:06.184-0500][gc,start    ] GC(5) Pause Remark
[2024-07-03T16:25:06.186-0500][gc          ] GC(5) Pause Remark 156M->156M(1024M) 1.188ms
[2024-07-03T16:25:06.186-0500][gc,cpu      ] GC(5) User=0.00s Sys=0.00s Real=0.00s
[2024-07-03T16:25:06.186-0500][gc,marking  ] GC(5) Concurrent Mark 6.309ms
[2024-07-03T16:25:06.186-0500][gc,marking  ] GC(5) Concurrent Rebuild Remembered Sets
[2024-07-03T16:25:06.186-0500][gc,marking  ] GC(5) Concurrent Rebuild Remembered Sets 0.007ms
[2024-07-03T16:25:06.187-0500][gc,start    ] GC(5) Pause Cleanup
[2024-07-03T16:25:06.187-0500][gc          ] GC(5) Pause Cleanup 156M->156M(1024M) 0.016ms
[2024-07-03T16:25:06.187-0500][gc,cpu      ] GC(5) User=0.00s Sys=0.00s Real=0.00s
[2024-07-03T16:25:06.188-0500][gc,marking  ] GC(5) Concurrent Cleanup for Next Mark
[2024-07-03T16:25:06.190-0500][gc,marking  ] GC(5) Concurrent Cleanup for Next Mark 1.845ms
[2024-07-03T16:25:06.190-0500][gc          ] GC(5) Concurrent Mark Cycle 13.181ms
[2024-07-03T16:38:15.377-0500][gc,start    ] GC(6) Pause Young (Normal) (G1 Evacuation Pause)
[2024-07-03T16:38:15.380-0500][gc,task     ] GC(6) Using 8 workers of 8 for evacuation
[2024-07-03T16:38:15.403-0500][gc,mmu      ] GC(6) MMU target violated: 21.0ms (20.0ms/21.0ms)
[2024-07-03T16:38:15.403-0500][gc,phases   ] GC(6)   Pre Evacuate Collection Set: 1.0ms
[2024-07-03T16:38:15.403-0500][gc,phases   ] GC(6)   Merge Heap Roots: 0.8ms
[2024-07-03T16:38:15.403-0500][gc,phases   ] GC(6)   Evacuate Collection Set: 18.9ms
[2024-07-03T16:38:15.403-0500][gc,phases   ] GC(6)   Post Evacuate Collection Set: 1.3ms
[2024-07-03T16:38:15.403-0500][gc,phases   ] GC(6)   Other: 4.1ms
[2024-07-03T16:38:15.403-0500][gc,heap     ] GC(6) Eden regions: 45->0(47)
[2024-07-03T16:38:15.403-0500][gc,heap     ] GC(6) Survivor regions: 6->4(7)
[2024-07-03T16:38:15.403-0500][gc,heap     ] GC(6) Old regions: 10->14
[2024-07-03T16:38:15.403-0500][gc,heap     ] GC(6) Archive regions: 2->2
[2024-07-03T16:38:15.403-0500][gc,heap     ] GC(6) Humongous regions: 138->138
[2024-07-03T16:38:15.403-0500][gc,metaspace] GC(6) Metaspace: 37681K(38080K)->37681K(38080K) NonClass: 33565K(33792K)->33565K(33792K) Class: 4116K(4288K)->4116K(4288K)
[2024-07-03T16:38:15.403-0500][gc          ] GC(6) Pause Young (Normal) (G1 Evacuation Pause) 199M->155M(1024M) 26.174ms
[2024-07-03T16:38:15.403-0500][gc,cpu      ] GC(6) User=0.03s Sys=0.04s Real=0.03s
[2024-07-03T16:41:36.088-0500][gc,start    ] GC(7) Pause Young (Normal) (G1 Evacuation Pause)
[2024-07-03T16:41:36.092-0500][gc,task     ] GC(7) Using 8 workers of 8 for evacuation
[2024-07-03T16:41:36.131-0500][gc,mmu      ] GC(7) MMU target violated: 21.0ms (20.0ms/21.0ms)
[2024-07-03T16:41:36.131-0500][gc,phases   ] GC(7)   Pre Evacuate Collection Set: 0.8ms
[2024-07-03T16:41:36.131-0500][gc,phases   ] GC(7)   Merge Heap Roots: 0.4ms
[2024-07-03T16:41:36.131-0500][gc,phases   ] GC(7)   Evacuate Collection Set: 34.5ms
[2024-07-03T16:41:36.131-0500][gc,phases   ] GC(7)   Post Evacuate Collection Set: 0.7ms
[2024-07-03T16:41:36.131-0500][gc,phases   ] GC(7)   Other: 7.1ms
[2024-07-03T16:41:36.131-0500][gc,heap     ] GC(7) Eden regions: 47->0(45)
[2024-07-03T16:41:36.131-0500][gc,heap     ] GC(7) Survivor regions: 4->6(7)
[2024-07-03T16:41:36.131-0500][gc,heap     ] GC(7) Old regions: 14->14
[2024-07-03T16:41:36.131-0500][gc,heap     ] GC(7) Archive regions: 2->2
[2024-07-03T16:41:36.131-0500][gc,heap     ] GC(7) Humongous regions: 138->138
[2024-07-03T16:41:36.131-0500][gc,metaspace] GC(7) Metaspace: 41122K(41664K)->41122K(41664K) NonClass: 36450K(36736K)->36450K(36736K) Class: 4672K(4928K)->4672K(4928K)
[2024-07-03T16:41:36.131-0500][gc          ] GC(7) Pause Young (Normal) (G1 Evacuation Pause) 202M->157M(1024M) 42.981ms
[2024-07-03T16:41:36.131-0500][gc,cpu      ] GC(7) User=0.02s Sys=0.06s Real=0.05s
[2024-07-03T16:47:33.290-0500][gc,start    ] GC(8) Pause Young (Normal) (G1 Evacuation Pause)
[2024-07-03T16:47:33.291-0500][gc,task     ] GC(8) Using 8 workers of 8 for evacuation
[2024-07-03T16:47:33.312-0500][gc,mmu      ] GC(8) MMU target violated: 20.2ms (20.0ms/21.0ms)
[2024-07-03T16:47:33.312-0500][gc,phases   ] GC(8)   Pre Evacuate Collection Set: 0.5ms
[2024-07-03T16:47:33.312-0500][gc,phases   ] GC(8)   Merge Heap Roots: 0.1ms
[2024-07-03T16:47:33.312-0500][gc,phases   ] GC(8)   Evacuate Collection Set: 18.9ms
[2024-07-03T16:47:33.312-0500][gc,phases   ] GC(8)   Post Evacuate Collection Set: 0.9ms
[2024-07-03T16:47:33.312-0500][gc,phases   ] GC(8)   Other: 1.7ms
[2024-07-03T16:47:33.312-0500][gc,heap     ] GC(8) Eden regions: 45->0(46)
[2024-07-03T16:47:33.312-0500][gc,heap     ] GC(8) Survivor regions: 6->5(7)
[2024-07-03T16:47:33.312-0500][gc,heap     ] GC(8) Old regions: 14->16
[2024-07-03T16:47:33.312-0500][gc,heap     ] GC(8) Archive regions: 2->2
[2024-07-03T16:47:33.312-0500][gc,heap     ] GC(8) Humongous regions: 138->138
[2024-07-03T16:47:33.313-0500][gc,metaspace] GC(8) Metaspace: 41568K(42112K)->41568K(42112K) NonClass: 36874K(37184K)->36874K(37184K) Class: 4694K(4928K)->4694K(4928K)
[2024-07-03T16:47:33.313-0500][gc          ] GC(8) Pause Young (Normal) (G1 Evacuation Pause) 202M->159M(1024M) 22.364ms
[2024-07-03T16:47:33.313-0500][gc,cpu      ] GC(8) User=0.03s Sys=0.03s Real=0.02s
[2024-07-03T16:53:08.324-0500][gc,start    ] GC(9) Pause Young (Normal) (G1 Evacuation Pause)
[2024-07-03T16:53:08.325-0500][gc,task     ] GC(9) Using 8 workers of 8 for evacuation
[2024-07-03T16:53:08.367-0500][gc,mmu      ] GC(9) MMU target violated: 21.0ms (20.0ms/21.0ms)
[2024-07-03T16:53:08.367-0500][gc,phases   ] GC(9)   Pre Evacuate Collection Set: 0.7ms
[2024-07-03T16:53:08.367-0500][gc,phases   ] GC(9)   Merge Heap Roots: 0.7ms
[2024-07-03T16:53:08.367-0500][gc,phases   ] GC(9)   Evacuate Collection Set: 38.3ms
[2024-07-03T16:53:08.367-0500][gc,phases   ] GC(9)   Post Evacuate Collection Set: 1.3ms
[2024-07-03T16:53:08.367-0500][gc,phases   ] GC(9)   Other: 3.6ms
[2024-07-03T16:53:08.368-0500][gc,heap     ] GC(9) Eden regions: 46->0(47)
[2024-07-03T16:53:08.368-0500][gc,heap     ] GC(9) Survivor regions: 5->4(7)
[2024-07-03T16:53:08.368-0500][gc,heap     ] GC(9) Old regions: 16->18
[2024-07-03T16:53:08.368-0500][gc,heap     ] GC(9) Archive regions: 2->2
[2024-07-03T16:53:08.368-0500][gc,heap     ] GC(9) Humongous regions: 138->138
[2024-07-03T16:53:08.368-0500][gc,metaspace] GC(9) Metaspace: 41647K(42176K)->41647K(42176K) NonClass: 36950K(37248K)->36950K(37248K) Class: 4697K(4928K)->4697K(4928K)
[2024-07-03T16:53:08.368-0500][gc          ] GC(9) Pause Young (Normal) (G1 Evacuation Pause) 205M->160M(1024M) 44.385ms
[2024-07-03T16:53:08.368-0500][gc,cpu      ] GC(9) User=0.03s Sys=0.04s Real=0.04s
[2024-07-03T16:59:03.091-0500][gc,start    ] GC(10) Pause Young (Normal) (G1 Evacuation Pause)
[2024-07-03T16:59:03.093-0500][gc,task     ] GC(10) Using 8 workers of 8 for evacuation
[2024-07-03T16:59:03.116-0500][gc,mmu      ] GC(10) MMU target violated: 21.0ms (20.0ms/21.0ms)
[2024-07-03T16:59:03.116-0500][gc,phases   ] GC(10)   Pre Evacuate Collection Set: 0.8ms
[2024-07-03T16:59:03.116-0500][gc,phases   ] GC(10)   Merge Heap Roots: 0.3ms
[2024-07-03T16:59:03.116-0500][gc,phases   ] GC(10)   Evacuate Collection Set: 17.9ms
[2024-07-03T16:59:03.117-0500][gc,phases   ] GC(10)   Post Evacuate Collection Set: 4.1ms
[2024-07-03T16:59:03.117-0500][gc,phases   ] GC(10)   Other: 3.2ms
[2024-07-03T16:59:03.117-0500][gc,heap     ] GC(10) Eden regions: 47->0(46)
[2024-07-03T16:59:03.117-0500][gc,heap     ] GC(10) Survivor regions: 4->5(7)
[2024-07-03T16:59:03.117-0500][gc,heap     ] GC(10) Old regions: 18->18
[2024-07-03T16:59:03.117-0500][gc,heap     ] GC(10) Archive regions: 2->2
[2024-07-03T16:59:03.117-0500][gc,heap     ] GC(10) Humongous regions: 138->138
[2024-07-03T16:59:03.117-0500][gc,metaspace] GC(10) Metaspace: 41907K(42432K)->41907K(42432K) NonClass: 37153K(37440K)->37153K(37440K) Class: 4754K(4992K)->4754K(4992K)
[2024-07-03T16:59:03.117-0500][gc          ] GC(10) Pause Young (Normal) (G1 Evacuation Pause) 207M->161M(1024M) 26.543ms
[2024-07-03T16:59:03.117-0500][gc,cpu      ] GC(10) User=0.03s Sys=0.03s Real=0.02s
[2024-07-03T17:05:01.024-0500][gc,start    ] GC(11) Pause Young (Normal) (G1 Evacuation Pause)
[2024-07-03T17:05:01.025-0500][gc,task     ] GC(11) Using 8 workers of 8 for evacuation
[2024-07-03T17:05:01.040-0500][gc,phases   ] GC(11)   Pre Evacuate Collection Set: 0.6ms
[2024-07-03T17:05:01.040-0500][gc,phases   ] GC(11)   Merge Heap Roots: 0.4ms
[2024-07-03T17:05:01.040-0500][gc,phases   ] GC(11)   Evacuate Collection Set: 12.3ms
[2024-07-03T17:05:01.040-0500][gc,phases   ] GC(11)   Post Evacuate Collection Set: 1.0ms
[2024-07-03T17:05:01.040-0500][gc,phases   ] GC(11)   Other: 2.6ms
[2024-07-03T17:05:01.040-0500][gc,heap     ] GC(11) Eden regions: 46->0(47)
[2024-07-03T17:05:01.040-0500][gc,heap     ] GC(11) Survivor regions: 5->4(7)
[2024-07-03T17:05:01.040-0500][gc,heap     ] GC(11) Old regions: 18->19
[2024-07-03T17:05:01.040-0500][gc,heap     ] GC(11) Archive regions: 2->2
[2024-07-03T17:05:01.040-0500][gc,heap     ] GC(11) Humongous regions: 138->138
[2024-07-03T17:05:01.040-0500][gc,metaspace] GC(11) Metaspace: 41919K(42432K)->41919K(42432K) NonClass: 37164K(37440K)->37164K(37440K) Class: 4754K(4992K)->4754K(4992K)
[2024-07-03T17:05:01.040-0500][gc          ] GC(11) Pause Young (Normal) (G1 Evacuation Pause) 207M->161M(1024M) 17.036ms
[2024-07-03T17:05:01.040-0500][gc,cpu      ] GC(11) User=0.02s Sys=0.02s Real=0.02s
[2024-07-03T17:11:18.787-0500][gc,start    ] GC(12) Pause Young (Normal) (G1 Evacuation Pause)
[2024-07-03T17:11:18.788-0500][gc,task     ] GC(12) Using 8 workers of 8 for evacuation
[2024-07-03T17:11:18.809-0500][gc,mmu      ] GC(12) MMU target violated: 20.3ms (20.0ms/21.0ms)
[2024-07-03T17:11:18.809-0500][gc,phases   ] GC(12)   Pre Evacuate Collection Set: 0.5ms
[2024-07-03T17:11:18.809-0500][gc,phases   ] GC(12)   Merge Heap Roots: 0.4ms
[2024-07-03T17:11:18.809-0500][gc,phases   ] GC(12)   Evacuate Collection Set: 18.5ms
[2024-07-03T17:11:18.809-0500][gc,phases   ] GC(12)   Post Evacuate Collection Set: 1.1ms
[2024-07-03T17:11:18.809-0500][gc,phases   ] GC(12)   Other: 2.7ms
[2024-07-03T17:11:18.810-0500][gc,heap     ] GC(12) Eden regions: 47->0(46)
[2024-07-03T17:11:18.810-0500][gc,heap     ] GC(12) Survivor regions: 4->5(7)
[2024-07-03T17:11:18.810-0500][gc,heap     ] GC(12) Old regions: 19->19
[2024-07-03T17:11:18.810-0500][gc,heap     ] GC(12) Archive regions: 2->2
[2024-07-03T17:11:18.810-0500][gc,heap     ] GC(12) Humongous regions: 138->138
[2024-07-03T17:11:18.810-0500][gc,metaspace] GC(12) Metaspace: 41956K(42496K)->41956K(42496K) NonClass: 37201K(37504K)->37201K(37504K) Class: 4755K(4992K)->4755K(4992K)
[2024-07-03T17:11:18.810-0500][gc          ] GC(12) Pause Young (Normal) (G1 Evacuation Pause) 208M->162M(1024M) 23.259ms
[2024-07-03T17:11:18.810-0500][gc,cpu      ] GC(12) User=0.03s Sys=0.02s Real=0.03s
[2024-07-03T17:18:35.922-0500][gc,start    ] GC(13) Pause Young (Normal) (G1 Evacuation Pause)
[2024-07-03T17:18:35.924-0500][gc,task     ] GC(13) Using 8 workers of 8 for evacuation
[2024-07-03T17:18:35.953-0500][gc,mmu      ] GC(13) MMU target violated: 21.0ms (20.0ms/21.0ms)
[2024-07-03T17:18:35.954-0500][gc,phases   ] GC(13)   Pre Evacuate Collection Set: 0.7ms
[2024-07-03T17:18:35.954-0500][gc,phases   ] GC(13)   Merge Heap Roots: 0.2ms
[2024-07-03T17:18:35.954-0500][gc,phases   ] GC(13)   Evacuate Collection Set: 16.5ms
[2024-07-03T17:18:35.954-0500][gc,phases   ] GC(13)   Post Evacuate Collection Set: 11.7ms
[2024-07-03T17:18:35.954-0500][gc,phases   ] GC(13)   Other: 2.4ms
[2024-07-03T17:18:35.954-0500][gc,heap     ] GC(13) Eden regions: 46->0(47)
[2024-07-03T17:18:35.954-0500][gc,heap     ] GC(13) Survivor regions: 5->4(7)
[2024-07-03T17:18:35.954-0500][gc,heap     ] GC(13) Old regions: 19->21
[2024-07-03T17:18:35.954-0500][gc,heap     ] GC(13) Archive regions: 2->2
[2024-07-03T17:18:35.954-0500][gc,heap     ] GC(13) Humongous regions: 138->138
[2024-07-03T17:18:35.954-0500][gc,metaspace] GC(13) Metaspace: 42061K(42560K)->42061K(42560K) NonClass: 37292K(37568K)->37292K(37568K) Class: 4769K(4992K)->4769K(4992K)
[2024-07-03T17:18:35.954-0500][gc          ] GC(13) Pause Young (Normal) (G1 Evacuation Pause) 208M->162M(1024M) 31.526ms
[2024-07-03T17:18:35.954-0500][gc,cpu      ] GC(13) User=0.03s Sys=0.03s Real=0.03s
[2024-07-03T17:26:17.618-0500][gc,start    ] GC(14) Pause Young (Normal) (G1 Evacuation Pause)
[2024-07-03T17:26:17.619-0500][gc,task     ] GC(14) Using 8 workers of 8 for evacuation
[2024-07-03T17:26:17.649-0500][gc,mmu      ] GC(14) MMU target violated: 21.0ms (20.0ms/21.0ms)
[2024-07-03T17:26:17.649-0500][gc,phases   ] GC(14)   Pre Evacuate Collection Set: 0.6ms
[2024-07-03T17:26:17.649-0500][gc,phases   ] GC(14)   Merge Heap Roots: 0.2ms
[2024-07-03T17:26:17.649-0500][gc,phases   ] GC(14)   Evacuate Collection Set: 28.6ms
[2024-07-03T17:26:17.649-0500][gc,phases   ] GC(14)   Post Evacuate Collection Set: 0.6ms
[2024-07-03T17:26:17.649-0500][gc,phases   ] GC(14)   Other: 1.2ms
[2024-07-03T17:26:17.649-0500][gc,heap     ] GC(14) Eden regions: 47->0(44)
[2024-07-03T17:26:17.649-0500][gc,heap     ] GC(14) Survivor regions: 4->7(7)
[2024-07-03T17:26:17.649-0500][gc,heap     ] GC(14) Old regions: 21->21
[2024-07-03T17:26:17.649-0500][gc,heap     ] GC(14) Archive regions: 2->2
[2024-07-03T17:26:17.649-0500][gc,heap     ] GC(14) Humongous regions: 147->147
[2024-07-03T17:26:17.649-0500][gc,metaspace] GC(14) Metaspace: 42203K(42752K)->42203K(42752K) NonClass: 37404K(37696K)->37404K(37696K) Class: 4799K(5056K)->4799K(5056K)
[2024-07-03T17:26:17.649-0500][gc          ] GC(14) Pause Young (Normal) (G1 Evacuation Pause) 218M->175M(1024M) 31.229ms
[2024-07-03T17:26:17.649-0500][gc,cpu      ] GC(14) User=0.03s Sys=0.06s Real=0.03s
[2024-07-03T17:34:14.617-0500][gc,start    ] GC(15) Pause Young (Normal) (G1 Evacuation Pause)
[2024-07-03T17:34:14.617-0500][gc,task     ] GC(15) Using 8 workers of 8 for evacuation
[2024-07-03T17:34:14.643-0500][gc,mmu      ] GC(15) MMU target violated: 21.0ms (20.0ms/21.0ms)
[2024-07-03T17:34:14.643-0500][gc,phases   ] GC(15)   Pre Evacuate Collection Set: 0.5ms
[2024-07-03T17:34:14.643-0500][gc,phases   ] GC(15)   Merge Heap Roots: 0.2ms
[2024-07-03T17:34:14.643-0500][gc,phases   ] GC(15)   Evacuate Collection Set: 23.9ms
[2024-07-03T17:34:14.643-0500][gc,phases   ] GC(15)   Post Evacuate Collection Set: 0.8ms
[2024-07-03T17:34:14.643-0500][gc,phases   ] GC(15)   Other: 1.0ms
[2024-07-03T17:34:14.643-0500][gc,heap     ] GC(15) Eden regions: 44->0(47)
[2024-07-03T17:34:14.643-0500][gc,heap     ] GC(15) Survivor regions: 7->4(7)
[2024-07-03T17:34:14.643-0500][gc,heap     ] GC(15) Old regions: 21->26
[2024-07-03T17:34:14.643-0500][gc,heap     ] GC(15) Archive regions: 2->2
[2024-07-03T17:34:14.643-0500][gc,heap     ] GC(15) Humongous regions: 147->147
[2024-07-03T17:34:14.643-0500][gc,metaspace] GC(15) Metaspace: 42237K(42752K)->42237K(42752K) NonClass: 37437K(37696K)->37437K(37696K) Class: 4799K(5056K)->4799K(5056K)
[2024-07-03T17:34:14.643-0500][gc          ] GC(15) Pause Young (Normal) (G1 Evacuation Pause) 219M->176M(1024M) 26.856ms
[2024-07-03T17:34:14.643-0500][gc,cpu      ] GC(15) User=0.03s Sys=0.03s Real=0.03s
[2024-07-03T17:42:45.907-0500][gc,start    ] GC(16) Pause Young (Normal) (G1 Evacuation Pause)
[2024-07-03T17:42:45.908-0500][gc,task     ] GC(16) Using 8 workers of 8 for evacuation
[2024-07-03T17:42:45.926-0500][gc,phases   ] GC(16)   Pre Evacuate Collection Set: 0.7ms
[2024-07-03T17:42:45.926-0500][gc,phases   ] GC(16)   Merge Heap Roots: 0.2ms
[2024-07-03T17:42:45.926-0500][gc,phases   ] GC(16)   Evacuate Collection Set: 16.8ms
[2024-07-03T17:42:45.926-0500][gc,phases   ] GC(16)   Post Evacuate Collection Set: 0.5ms
[2024-07-03T17:42:45.926-0500][gc,phases   ] GC(16)   Other: 1.3ms
[2024-07-03T17:42:45.926-0500][gc,heap     ] GC(16) Eden regions: 47->0(45)
[2024-07-03T17:42:45.926-0500][gc,heap     ] GC(16) Survivor regions: 4->6(7)
[2024-07-03T17:42:45.926-0500][gc,heap     ] GC(16) Old regions: 26->26
[2024-07-03T17:42:45.926-0500][gc,heap     ] GC(16) Archive regions: 2->2
[2024-07-03T17:42:45.926-0500][gc,heap     ] GC(16) Humongous regions: 147->147
[2024-07-03T17:42:45.927-0500][gc,metaspace] GC(16) Metaspace: 42245K(42816K)->42245K(42816K) NonClass: 37445K(37760K)->37445K(37760K) Class: 4799K(5056K)->4799K(5056K)
[2024-07-03T17:42:45.927-0500][gc          ] GC(16) Pause Young (Normal) (G1 Evacuation Pause) 223M->178M(1024M) 19.998ms
[2024-07-03T17:42:45.927-0500][gc,cpu      ] GC(16) User=0.03s Sys=0.03s Real=0.02s
[2024-07-03T17:50:54.722-0500][gc,start    ] GC(17) Pause Young (Normal) (G1 Evacuation Pause)
[2024-07-03T17:50:54.723-0500][gc,task     ] GC(17) Using 8 workers of 8 for evacuation
[2024-07-03T17:50:54.739-0500][gc,phases   ] GC(17)   Pre Evacuate Collection Set: 0.4ms
[2024-07-03T17:50:54.739-0500][gc,phases   ] GC(17)   Merge Heap Roots: 0.2ms
[2024-07-03T17:50:54.739-0500][gc,phases   ] GC(17)   Evacuate Collection Set: 13.9ms
[2024-07-03T17:50:54.739-0500][gc,phases   ] GC(17)   Post Evacuate Collection Set: 0.7ms
[2024-07-03T17:50:54.739-0500][gc,phases   ] GC(17)   Other: 1.2ms
[2024-07-03T17:50:54.739-0500][gc,heap     ] GC(17) Eden regions: 45->0(47)
[2024-07-03T17:50:54.739-0500][gc,heap     ] GC(17) Survivor regions: 6->4(7)
[2024-07-03T17:50:54.739-0500][gc,heap     ] GC(17) Old regions: 26->30
[2024-07-03T17:50:54.739-0500][gc,heap     ] GC(17) Archive regions: 2->2
[2024-07-03T17:50:54.739-0500][gc,heap     ] GC(17) Humongous regions: 147->147
[2024-07-03T17:50:54.739-0500][gc,metaspace] GC(17) Metaspace: 42253K(42816K)->42253K(42816K) NonClass: 37453K(37760K)->37453K(37760K) Class: 4799K(5056K)->4799K(5056K)
[2024-07-03T17:50:54.739-0500][gc          ] GC(17) Pause Young (Normal) (G1 Evacuation Pause) 223M->180M(1024M) 16.670ms
[2024-07-03T17:50:54.739-0500][gc,cpu      ] GC(17) User=0.02s Sys=0.02s Real=0.01s
[2024-07-03T17:59:25.610-0500][gc,start    ] GC(18) Pause Young (Normal) (G1 Evacuation Pause)
[2024-07-03T17:59:25.611-0500][gc,task     ] GC(18) Using 8 workers of 8 for evacuation
[2024-07-03T17:59:25.673-0500][gc,mmu      ] GC(18) MMU target violated: 21.0ms (20.0ms/21.0ms)
[2024-07-03T17:59:25.673-0500][gc,phases   ] GC(18)   Pre Evacuate Collection Set: 1.7ms
[2024-07-03T17:59:25.673-0500][gc,phases   ] GC(18)   Merge Heap Roots: 0.9ms
[2024-07-03T17:59:25.673-0500][gc,phases   ] GC(18)   Evacuate Collection Set: 56.2ms
[2024-07-03T17:59:25.673-0500][gc,phases   ] GC(18)   Post Evacuate Collection Set: 1.7ms
[2024-07-03T17:59:25.673-0500][gc,phases   ] GC(18)   Other: 3.4ms
[2024-07-03T17:59:25.673-0500][gc,heap     ] GC(18) Eden regions: 47->0(45)
[2024-07-03T17:59:25.673-0500][gc,heap     ] GC(18) Survivor regions: 4->6(7)
[2024-07-03T17:59:25.673-0500][gc,heap     ] GC(18) Old regions: 30->30
[2024-07-03T17:59:25.673-0500][gc,heap     ] GC(18) Archive regions: 2->2
[2024-07-03T17:59:25.673-0500][gc,heap     ] GC(18) Humongous regions: 147->147
[2024-07-03T17:59:25.673-0500][gc,metaspace] GC(18) Metaspace: 42262K(42816K)->42262K(42816K) NonClass: 37463K(37760K)->37463K(37760K) Class: 4799K(5056K)->4799K(5056K)
[2024-07-03T17:59:25.673-0500][gc          ] GC(18) Pause Young (Normal) (G1 Evacuation Pause) 227M->183M(1024M) 63.558ms
[2024-07-03T17:59:25.673-0500][gc,cpu      ] GC(18) User=0.04s Sys=0.08s Real=0.06s
[2024-07-03T18:07:34.768-0500][gc,start    ] GC(19) Pause Young (Normal) (G1 Evacuation Pause)
[2024-07-03T18:07:34.769-0500][gc,task     ] GC(19) Using 8 workers of 8 for evacuation
[2024-07-03T18:07:34.786-0500][gc,phases   ] GC(19)   Pre Evacuate Collection Set: 2.3ms
[2024-07-03T18:07:34.786-0500][gc,phases   ] GC(19)   Merge Heap Roots: 0.4ms
[2024-07-03T18:07:34.786-0500][gc,phases   ] GC(19)   Evacuate Collection Set: 13.4ms
[2024-07-03T18:07:34.786-0500][gc,phases   ] GC(19)   Post Evacuate Collection Set: 0.6ms
[2024-07-03T18:07:34.786-0500][gc,phases   ] GC(19)   Other: 1.7ms
[2024-07-03T18:07:34.786-0500][gc,heap     ] GC(19) Eden regions: 45->0(47)
[2024-07-03T18:07:34.786-0500][gc,heap     ] GC(19) Survivor regions: 6->4(7)
[2024-07-03T18:07:34.786-0500][gc,heap     ] GC(19) Old regions: 30->34
[2024-07-03T18:07:34.786-0500][gc,heap     ] GC(19) Archive regions: 2->2
[2024-07-03T18:07:34.786-0500][gc,heap     ] GC(19) Humongous regions: 147->147
[2024-07-03T18:07:34.786-0500][gc,metaspace] GC(19) Metaspace: 42271K(42816K)->42271K(42816K) NonClass: 37471K(37760K)->37471K(37760K) Class: 4799K(5056K)->4799K(5056K)
[2024-07-03T18:07:34.786-0500][gc          ] GC(19) Pause Young (Normal) (G1 Evacuation Pause) 228M->185M(1024M) 18.439ms
[2024-07-03T18:07:34.786-0500][gc,cpu      ] GC(19) User=0.02s Sys=0.03s Real=0.02s
[2024-07-03T18:16:06.260-0500][gc,start    ] GC(20) Pause Young (Normal) (G1 Evacuation Pause)
[2024-07-03T18:16:06.262-0500][gc,task     ] GC(20) Using 8 workers of 8 for evacuation
[2024-07-03T18:16:06.321-0500][gc,mmu      ] GC(20) MMU target violated: 21.0ms (20.0ms/21.0ms)
[2024-07-03T18:16:06.321-0500][gc,phases   ] GC(20)   Pre Evacuate Collection Set: 3.6ms
[2024-07-03T18:16:06.321-0500][gc,phases   ] GC(20)   Merge Heap Roots: 1.4ms
[2024-07-03T18:16:06.321-0500][gc,phases   ] GC(20)   Evacuate Collection Set: 48.9ms
[2024-07-03T18:16:06.321-0500][gc,phases   ] GC(20)   Post Evacuate Collection Set: 2.8ms
[2024-07-03T18:16:06.321-0500][gc,phases   ] GC(20)   Other: 5.8ms
[2024-07-03T18:16:06.321-0500][gc,heap     ] GC(20) Eden regions: 47->0(44)
[2024-07-03T18:16:06.321-0500][gc,heap     ] GC(20) Survivor regions: 4->7(7)
[2024-07-03T18:16:06.321-0500][gc,heap     ] GC(20) Old regions: 34->34
[2024-07-03T18:16:06.321-0500][gc,heap     ] GC(20) Archive regions: 2->2
[2024-07-03T18:16:06.321-0500][gc,heap     ] GC(20) Humongous regions: 147->147
[2024-07-03T18:16:06.321-0500][gc,metaspace] GC(20) Metaspace: 42274K(42816K)->42274K(42816K) NonClass: 37474K(37760K)->37474K(37760K) Class: 4799K(5056K)->4799K(5056K)
[2024-07-03T18:16:06.321-0500][gc          ] GC(20) Pause Young (Normal) (G1 Evacuation Pause) 232M->187M(1024M) 61.232ms
[2024-07-03T18:16:06.321-0500][gc,cpu      ] GC(20) User=0.04s Sys=0.08s Real=0.06s
[2024-07-03T18:24:02.928-0500][gc,start    ] GC(21) Pause Young (Normal) (G1 Evacuation Pause)
[2024-07-03T18:24:02.930-0500][gc,task     ] GC(21) Using 8 workers of 8 for evacuation
[2024-07-03T18:24:03.008-0500][gc,mmu      ] GC(21) MMU target violated: 21.0ms (20.0ms/21.0ms)
[2024-07-03T18:24:03.008-0500][gc,phases   ] GC(21)   Pre Evacuate Collection Set: 2.3ms
[2024-07-03T18:24:03.008-0500][gc,phases   ] GC(21)   Merge Heap Roots: 0.9ms
[2024-07-03T18:24:03.008-0500][gc,phases   ] GC(21)   Evacuate Collection Set: 71.0ms
[2024-07-03T18:24:03.008-0500][gc,phases   ] GC(21)   Post Evacuate Collection Set: 1.8ms
[2024-07-03T18:24:03.008-0500][gc,phases   ] GC(21)   Other: 5.4ms
[2024-07-03T18:24:03.008-0500][gc,heap     ] GC(21) Eden regions: 44->0(47)
[2024-07-03T18:24:03.008-0500][gc,heap     ] GC(21) Survivor regions: 7->4(7)
[2024-07-03T18:24:03.008-0500][gc,heap     ] GC(21) Old regions: 34->39
[2024-07-03T18:24:03.008-0500][gc,heap     ] GC(21) Archive regions: 2->2
[2024-07-03T18:24:03.008-0500][gc,heap     ] GC(21) Humongous regions: 147->147
[2024-07-03T18:24:03.008-0500][gc,metaspace] GC(21) Metaspace: 42274K(42816K)->42274K(42816K) NonClass: 37475K(37760K)->37475K(37760K) Class: 4799K(5056K)->4799K(5056K)
[2024-07-03T18:24:03.008-0500][gc          ] GC(21) Pause Young (Normal) (G1 Evacuation Pause) 231M->190M(1024M) 80.589ms
[2024-07-03T18:24:03.008-0500][gc,cpu      ] GC(21) User=0.05s Sys=0.09s Real=0.08s
[2024-07-03T18:31:40.281-0500][gc,start    ] GC(22) Pause Young (Normal) (G1 Evacuation Pause)
[2024-07-03T18:31:40.282-0500][gc,task     ] GC(22) Using 8 workers of 8 for evacuation
[2024-07-03T18:31:40.299-0500][gc,phases   ] GC(22)   Pre Evacuate Collection Set: 0.5ms
[2024-07-03T18:31:40.299-0500][gc,phases   ] GC(22)   Merge Heap Roots: 0.3ms
[2024-07-03T18:31:40.299-0500][gc,phases   ] GC(22)   Evacuate Collection Set: 15.3ms
[2024-07-03T18:31:40.299-0500][gc,phases   ] GC(22)   Post Evacuate Collection Set: 0.5ms
[2024-07-03T18:31:40.299-0500][gc,phases   ] GC(22)   Other: 1.1ms
[2024-07-03T18:31:40.299-0500][gc,heap     ] GC(22) Eden regions: 47->0(44)
[2024-07-03T18:31:40.299-0500][gc,heap     ] GC(22) Survivor regions: 4->7(7)
[2024-07-03T18:31:40.299-0500][gc,heap     ] GC(22) Old regions: 39->39
[2024-07-03T18:31:40.299-0500][gc,heap     ] GC(22) Archive regions: 2->2
[2024-07-03T18:31:40.299-0500][gc,heap     ] GC(22) Humongous regions: 147->147
[2024-07-03T18:31:40.299-0500][gc,metaspace] GC(22) Metaspace: 42421K(42944K)->42421K(42944K) NonClass: 37596K(37888K)->37596K(37888K) Class: 4825K(5056K)->4825K(5056K)
[2024-07-03T18:31:40.299-0500][gc          ] GC(22) Pause Young (Normal) (G1 Evacuation Pause) 237M->193M(1024M) 17.913ms
[2024-07-03T18:31:40.299-0500][gc,cpu      ] GC(22) User=0.03s Sys=0.03s Real=0.01s
[2024-07-03T18:39:39.602-0500][gc,start    ] GC(23) Pause Young (Normal) (G1 Evacuation Pause)
[2024-07-03T18:39:39.603-0500][gc,task     ] GC(23) Using 8 workers of 8 for evacuation
[2024-07-03T18:39:39.622-0500][gc,phases   ] GC(23)   Pre Evacuate Collection Set: 0.6ms
[2024-07-03T18:39:39.623-0500][gc,phases   ] GC(23)   Merge Heap Roots: 0.2ms
[2024-07-03T18:39:39.623-0500][gc,phases   ] GC(23)   Evacuate Collection Set: 17.9ms
[2024-07-03T18:39:39.623-0500][gc,phases   ] GC(23)   Post Evacuate Collection Set: 0.4ms
[2024-07-03T18:39:39.623-0500][gc,phases   ] GC(23)   Other: 1.2ms
[2024-07-03T18:39:39.623-0500][gc,heap     ] GC(23) Eden regions: 44->0(48)
[2024-07-03T18:39:39.623-0500][gc,heap     ] GC(23) Survivor regions: 7->3(7)
[2024-07-03T18:39:39.623-0500][gc,heap     ] GC(23) Old regions: 39->44
[2024-07-03T18:39:39.623-0500][gc,heap     ] GC(23) Archive regions: 2->2
[2024-07-03T18:39:39.623-0500][gc,heap     ] GC(23) Humongous regions: 147->147
[2024-07-03T18:39:39.623-0500][gc,metaspace] GC(23) Metaspace: 42442K(43008K)->42442K(43008K) NonClass: 37616K(37952K)->37616K(37952K) Class: 4825K(5056K)->4825K(5056K)
[2024-07-03T18:39:39.623-0500][gc          ] GC(23) Pause Young (Normal) (G1 Evacuation Pause) 237M->193M(1024M) 20.525ms
[2024-07-03T18:39:39.623-0500][gc,cpu      ] GC(23) User=0.04s Sys=0.03s Real=0.02s
[2024-07-03T18:48:24.871-0500][gc,start    ] GC(24) Pause Young (Normal) (G1 Evacuation Pause)
[2024-07-03T18:48:24.872-0500][gc,task     ] GC(24) Using 8 workers of 8 for evacuation
[2024-07-03T18:48:24.893-0500][gc,mmu      ] GC(24) MMU target violated: 21.0ms (20.0ms/21.0ms)
[2024-07-03T18:48:24.893-0500][gc,phases   ] GC(24)   Pre Evacuate Collection Set: 0.7ms
[2024-07-03T18:48:24.893-0500][gc,phases   ] GC(24)   Merge Heap Roots: 0.2ms
[2024-07-03T18:48:24.893-0500][gc,phases   ] GC(24)   Evacuate Collection Set: 19.8ms
[2024-07-03T18:48:24.893-0500][gc,phases   ] GC(24)   Post Evacuate Collection Set: 0.6ms
[2024-07-03T18:48:24.893-0500][gc,phases   ] GC(24)   Other: 1.2ms
[2024-07-03T18:48:24.893-0500][gc,heap     ] GC(24) Eden regions: 48->0(46)
[2024-07-03T18:48:24.893-0500][gc,heap     ] GC(24) Survivor regions: 3->5(7)
[2024-07-03T18:48:24.894-0500][gc,heap     ] GC(24) Old regions: 44->44
[2024-07-03T18:48:24.894-0500][gc,heap     ] GC(24) Archive regions: 2->2
[2024-07-03T18:48:24.894-0500][gc,heap     ] GC(24) Humongous regions: 147->147
[2024-07-03T18:48:24.894-0500][gc,metaspace] GC(24) Metaspace: 42447K(43008K)->42447K(43008K) NonClass: 37622K(37952K)->37622K(37952K) Class: 4825K(5056K)->4825K(5056K)
[2024-07-03T18:48:24.894-0500][gc          ] GC(24) Pause Young (Normal) (G1 Evacuation Pause) 241M->196M(1024M) 22.628ms
[2024-07-03T18:48:24.894-0500][gc,cpu      ] GC(24) User=0.02s Sys=0.02s Real=0.02s
[2024-07-03T18:56:46.095-0500][gc,start    ] GC(25) Pause Young (Normal) (G1 Evacuation Pause)
[2024-07-03T18:56:46.096-0500][gc,task     ] GC(25) Using 8 workers of 8 for evacuation
[2024-07-03T18:56:46.112-0500][gc,phases   ] GC(25)   Pre Evacuate Collection Set: 0.5ms
[2024-07-03T18:56:46.112-0500][gc,phases   ] GC(25)   Merge Heap Roots: 0.2ms
[2024-07-03T18:56:46.112-0500][gc,phases   ] GC(25)   Evacuate Collection Set: 13.9ms
[2024-07-03T18:56:46.112-0500][gc,phases   ] GC(25)   Post Evacuate Collection Set: 0.7ms
[2024-07-03T18:56:46.112-0500][gc,phases   ] GC(25)   Other: 1.4ms
[2024-07-03T18:56:46.112-0500][gc,heap     ] GC(25) Eden regions: 46->0(45)
[2024-07-03T18:56:46.112-0500][gc,heap     ] GC(25) Survivor regions: 5->6(7)
[2024-07-03T18:56:46.112-0500][gc,heap     ] GC(25) Old regions: 44->45
[2024-07-03T18:56:46.112-0500][gc,heap     ] GC(25) Archive regions: 2->2
[2024-07-03T18:56:46.113-0500][gc,heap     ] GC(25) Humongous regions: 147->147
[2024-07-03T18:56:46.113-0500][gc,metaspace] GC(25) Metaspace: 42450K(43008K)->42450K(43008K) NonClass: 37624K(37952K)->37624K(37952K) Class: 4825K(5056K)->4825K(5056K)
[2024-07-03T18:56:46.113-0500][gc          ] GC(25) Pause Young (Normal) (G1 Evacuation Pause) 242M->198M(1024M) 17.426ms
[2024-07-03T18:56:46.113-0500][gc,cpu      ] GC(25) User=0.03s Sys=0.03s Real=0.02s
[2024-07-03T19:24:45.879-0500][gc,start    ] GC(26) Pause Young (Normal) (G1 Evacuation Pause)
[2024-07-03T19:24:45.880-0500][gc,task     ] GC(26) Using 8 workers of 8 for evacuation
[2024-07-03T19:24:45.905-0500][gc,mmu      ] GC(26) MMU target violated: 21.0ms (20.0ms/21.0ms)
[2024-07-03T19:24:45.905-0500][gc,phases   ] GC(26)   Pre Evacuate Collection Set: 0.8ms
[2024-07-03T19:24:45.905-0500][gc,phases   ] GC(26)   Merge Heap Roots: 0.2ms
[2024-07-03T19:24:45.905-0500][gc,phases   ] GC(26)   Evacuate Collection Set: 23.3ms
[2024-07-03T19:24:45.905-0500][gc,phases   ] GC(26)   Post Evacuate Collection Set: 0.8ms
[2024-07-03T19:24:45.905-0500][gc,phases   ] GC(26)   Other: 1.5ms
[2024-07-03T19:24:45.905-0500][gc,heap     ] GC(26) Eden regions: 45->0(45)
[2024-07-03T19:24:45.905-0500][gc,heap     ] GC(26) Survivor regions: 6->6(7)
[2024-07-03T19:24:45.905-0500][gc,heap     ] GC(26) Old regions: 45->47
[2024-07-03T19:24:45.905-0500][gc,heap     ] GC(26) Archive regions: 2->2
[2024-07-03T19:24:45.905-0500][gc,heap     ] GC(26) Humongous regions: 147->147
[2024-07-03T19:24:45.905-0500][gc,metaspace] GC(26) Metaspace: 42461K(43008K)->42461K(43008K) NonClass: 37636K(37952K)->37636K(37952K) Class: 4825K(5056K)->4825K(5056K)
[2024-07-03T19:24:45.905-0500][gc          ] GC(26) Pause Young (Normal) (G1 Evacuation Pause) 243M->200M(1024M) 26.616ms
[2024-07-03T19:24:45.905-0500][gc,cpu      ] GC(26) User=0.04s Sys=0.04s Real=0.03s
[2024-07-03T19:32:51.608-0500][gc,start    ] GC(27) Pause Young (Normal) (G1 Evacuation Pause)
[2024-07-03T19:32:51.609-0500][gc,task     ] GC(27) Using 8 workers of 8 for evacuation
[2024-07-03T19:32:51.634-0500][gc,mmu      ] GC(27) MMU target violated: 21.0ms (20.0ms/21.0ms)
[2024-07-03T19:32:51.634-0500][gc,phases   ] GC(27)   Pre Evacuate Collection Set: 0.9ms
[2024-07-03T19:32:51.634-0500][gc,phases   ] GC(27)   Merge Heap Roots: 0.4ms
[2024-07-03T19:32:51.634-0500][gc,phases   ] GC(27)   Evacuate Collection Set: 22.2ms
[2024-07-03T19:32:51.634-0500][gc,phases   ] GC(27)   Post Evacuate Collection Set: 0.8ms
[2024-07-03T19:32:51.634-0500][gc,phases   ] GC(27)   Other: 2.4ms
[2024-07-03T19:32:51.634-0500][gc,heap     ] GC(27) Eden regions: 45->0(45)
[2024-07-03T19:32:51.634-0500][gc,heap     ] GC(27) Survivor regions: 6->6(7)
[2024-07-03T19:32:51.634-0500][gc,heap     ] GC(27) Old regions: 47->50
[2024-07-03T19:32:51.634-0500][gc,heap     ] GC(27) Archive regions: 2->2
[2024-07-03T19:32:51.634-0500][gc,heap     ] GC(27) Humongous regions: 147->147
[2024-07-03T19:32:51.634-0500][gc,metaspace] GC(27) Metaspace: 42472K(43008K)->42472K(43008K) NonClass: 37647K(37952K)->37647K(37952K) Class: 4825K(5056K)->4825K(5056K)
[2024-07-03T19:32:51.635-0500][gc          ] GC(27) Pause Young (Normal) (G1 Evacuation Pause) 245M->202M(1024M) 26.850ms
[2024-07-03T19:32:51.635-0500][gc,cpu      ] GC(27) User=0.04s Sys=0.05s Real=0.03s
[2024-07-03T19:41:03.714-0500][gc,start    ] GC(28) Pause Young (Normal) (G1 Evacuation Pause)
[2024-07-03T19:41:03.718-0500][gc,task     ] GC(28) Using 8 workers of 8 for evacuation
[2024-07-03T19:41:03.753-0500][gc,mmu      ] GC(28) MMU target violated: 21.0ms (20.0ms/21.0ms)
[2024-07-03T19:41:03.753-0500][gc,phases   ] GC(28)   Pre Evacuate Collection Set: 1.3ms
[2024-07-03T19:41:03.753-0500][gc,phases   ] GC(28)   Merge Heap Roots: 0.4ms
[2024-07-03T19:41:03.753-0500][gc,phases   ] GC(28)   Evacuate Collection Set: 29.6ms
[2024-07-03T19:41:03.753-0500][gc,phases   ] GC(28)   Post Evacuate Collection Set: 4.1ms
[2024-07-03T19:41:03.754-0500][gc,phases   ] GC(28)   Other: 3.8ms
[2024-07-03T19:41:03.754-0500][gc,heap     ] GC(28) Eden regions: 45->0(45)
[2024-07-03T19:41:03.754-0500][gc,heap     ] GC(28) Survivor regions: 6->6(7)
[2024-07-03T19:41:03.754-0500][gc,heap     ] GC(28) Old regions: 50->52
[2024-07-03T19:41:03.754-0500][gc,heap     ] GC(28) Archive regions: 2->2
[2024-07-03T19:41:03.754-0500][gc,heap     ] GC(28) Humongous regions: 147->147
[2024-07-03T19:41:03.754-0500][gc,metaspace] GC(28) Metaspace: 42477K(43008K)->42477K(43008K) NonClass: 37652K(37952K)->37652K(37952K) Class: 4825K(5056K)->4825K(5056K)
[2024-07-03T19:41:03.754-0500][gc          ] GC(28) Pause Young (Normal) (G1 Evacuation Pause) 247M->204M(1024M) 39.232ms
[2024-07-03T19:41:03.754-0500][gc,cpu      ] GC(28) User=0.03s Sys=0.03s Real=0.04s
[2024-07-03T19:48:24.305-0500][gc,start    ] GC(29) Pause Young (Normal) (G1 Evacuation Pause)
[2024-07-03T19:48:24.308-0500][gc,task     ] GC(29) Using 8 workers of 8 for evacuation
[2024-07-03T19:48:24.341-0500][gc,mmu      ] GC(29) MMU target violated: 21.0ms (20.0ms/21.0ms)
[2024-07-03T19:48:24.341-0500][gc,phases   ] GC(29)   Pre Evacuate Collection Set: 1.3ms
[2024-07-03T19:48:24.341-0500][gc,phases   ] GC(29)   Merge Heap Roots: 0.6ms
[2024-07-03T19:48:24.341-0500][gc,phases   ] GC(29)   Evacuate Collection Set: 29.9ms
[2024-07-03T19:48:24.341-0500][gc,phases   ] GC(29)   Post Evacuate Collection Set: 0.9ms
[2024-07-03T19:48:24.341-0500][gc,phases   ] GC(29)   Other: 3.3ms
[2024-07-03T19:48:24.341-0500][gc,heap     ] GC(29) Eden regions: 45->0(44)
[2024-07-03T19:48:24.341-0500][gc,heap     ] GC(29) Survivor regions: 6->7(7)
[2024-07-03T19:48:24.341-0500][gc,heap     ] GC(29) Old regions: 52->54
[2024-07-03T19:48:24.341-0500][gc,heap     ] GC(29) Archive regions: 2->2
[2024-07-03T19:48:24.341-0500][gc,heap     ] GC(29) Humongous regions: 147->147
[2024-07-03T19:48:24.341-0500][gc,metaspace] GC(29) Metaspace: 42496K(43008K)->42496K(43008K) NonClass: 37665K(37952K)->37665K(37952K) Class: 4831K(5056K)->4831K(5056K)
[2024-07-03T19:48:24.341-0500][gc          ] GC(29) Pause Young (Normal) (G1 Evacuation Pause) 249M->208M(1024M) 35.866ms
[2024-07-03T19:48:24.341-0500][gc,cpu      ] GC(29) User=0.05s Sys=0.08s Real=0.04s
[2024-07-03T19:56:24.510-0500][gc,start    ] GC(30) Pause Young (Normal) (G1 Evacuation Pause)
[2024-07-03T19:56:24.512-0500][gc,task     ] GC(30) Using 8 workers of 8 for evacuation
[2024-07-03T19:56:24.536-0500][gc,mmu      ] GC(30) MMU target violated: 21.0ms (20.0ms/21.0ms)
[2024-07-03T19:56:24.536-0500][gc,phases   ] GC(30)   Pre Evacuate Collection Set: 1.0ms
[2024-07-03T19:56:24.536-0500][gc,phases   ] GC(30)   Merge Heap Roots: 0.4ms
[2024-07-03T19:56:24.536-0500][gc,phases   ] GC(30)   Evacuate Collection Set: 20.8ms
[2024-07-03T19:56:24.536-0500][gc,phases   ] GC(30)   Post Evacuate Collection Set: 0.9ms
[2024-07-03T19:56:24.536-0500][gc,phases   ] GC(30)   Other: 2.7ms
[2024-07-03T19:56:24.536-0500][gc,heap     ] GC(30) Eden regions: 44->0(52)
[2024-07-03T19:56:24.536-0500][gc,heap     ] GC(30) Survivor regions: 7->3(7)
[2024-07-03T19:56:24.536-0500][gc,heap     ] GC(30) Old regions: 54->59
[2024-07-03T19:56:24.536-0500][gc,heap     ] GC(30) Archive regions: 2->2
[2024-07-03T19:56:24.536-0500][gc,heap     ] GC(30) Humongous regions: 147->147
[2024-07-03T19:56:24.536-0500][gc,metaspace] GC(30) Metaspace: 42501K(43008K)->42501K(43008K) NonClass: 37670K(37952K)->37670K(37952K) Class: 4831K(5056K)->4831K(5056K)
[2024-07-03T19:56:24.536-0500][gc          ] GC(30) Pause Young (Normal) (G1 Evacuation Pause) 252M->209M(1024M) 25.966ms
[2024-07-03T19:56:24.536-0500][gc,cpu      ] GC(30) User=0.04s Sys=0.04s Real=0.02s
[2024-07-03T20:20:34.547-0500][gc,start    ] GC(31) Pause Young (Normal) (G1 Evacuation Pause)
[2024-07-03T20:20:34.549-0500][gc,task     ] GC(31) Using 8 workers of 8 for evacuation
[2024-07-03T20:20:34.598-0500][gc,mmu      ] GC(31) MMU target violated: 21.0ms (20.0ms/21.0ms)
[2024-07-03T20:20:34.598-0500][gc,phases   ] GC(31)   Pre Evacuate Collection Set: 1.2ms
[2024-07-03T20:20:34.598-0500][gc,phases   ] GC(31)   Merge Heap Roots: 0.3ms
[2024-07-03T20:20:34.598-0500][gc,phases   ] GC(31)   Evacuate Collection Set: 46.0ms
[2024-07-03T20:20:34.598-0500][gc,phases   ] GC(31)   Post Evacuate Collection Set: 1.2ms
[2024-07-03T20:20:34.598-0500][gc,phases   ] GC(31)   Other: 2.0ms
[2024-07-03T20:20:34.598-0500][gc,heap     ] GC(31) Eden regions: 52->0(45)
[2024-07-03T20:20:34.598-0500][gc,heap     ] GC(31) Survivor regions: 3->6(7)
[2024-07-03T20:20:34.598-0500][gc,heap     ] GC(31) Old regions: 59->59
[2024-07-03T20:20:34.598-0500][gc,heap     ] GC(31) Archive regions: 2->2
[2024-07-03T20:20:34.598-0500][gc,heap     ] GC(31) Humongous regions: 147->147
[2024-07-03T20:20:34.598-0500][gc,metaspace] GC(31) Metaspace: 42503K(43008K)->42503K(43008K) NonClass: 37672K(37952K)->37672K(37952K) Class: 4831K(5056K)->4831K(5056K)
[2024-07-03T20:20:34.598-0500][gc          ] GC(31) Pause Young (Normal) (G1 Evacuation Pause) 261M->211M(1024M) 50.688ms
[2024-07-03T20:20:34.598-0500][gc,cpu      ] GC(31) User=0.04s Sys=0.09s Real=0.05s
[2024-07-03T20:34:02.491-0500][gc,start    ] GC(32) Pause Young (Normal) (G1 Evacuation Pause)
[2024-07-03T20:34:02.493-0500][gc,task     ] GC(32) Using 8 workers of 8 for evacuation
[2024-07-03T20:34:02.516-0500][gc,mmu      ] GC(32) MMU target violated: 21.0ms (20.0ms/21.0ms)
[2024-07-03T20:34:02.516-0500][gc,phases   ] GC(32)   Pre Evacuate Collection Set: 1.0ms
[2024-07-03T20:34:02.516-0500][gc,phases   ] GC(32)   Merge Heap Roots: 0.2ms
[2024-07-03T20:34:02.516-0500][gc,phases   ] GC(32)   Evacuate Collection Set: 20.9ms
[2024-07-03T20:34:02.516-0500][gc,phases   ] GC(32)   Post Evacuate Collection Set: 0.7ms
[2024-07-03T20:34:02.516-0500][gc,phases   ] GC(32)   Other: 2.5ms
[2024-07-03T20:34:02.516-0500][gc,heap     ] GC(32) Eden regions: 45->0(45)
[2024-07-03T20:34:02.516-0500][gc,heap     ] GC(32) Survivor regions: 6->6(7)
[2024-07-03T20:34:02.516-0500][gc,heap     ] GC(32) Old regions: 59->61
[2024-07-03T20:34:02.516-0500][gc,heap     ] GC(32) Archive regions: 2->2
[2024-07-03T20:34:02.516-0500][gc,heap     ] GC(32) Humongous regions: 147->147
[2024-07-03T20:34:02.516-0500][gc,metaspace] GC(32) Metaspace: 42506K(43008K)->42506K(43008K) NonClass: 37675K(37952K)->37675K(37952K) Class: 4831K(5056K)->4831K(5056K)
[2024-07-03T20:34:02.516-0500][gc          ] GC(32) Pause Young (Normal) (G1 Evacuation Pause) 256M->214M(1024M) 25.428ms
[2024-07-03T20:34:02.516-0500][gc,cpu      ] GC(32) User=0.03s Sys=0.04s Real=0.02s
[2024-07-03T20:42:11.339-0500][gc,start    ] GC(33) Pause Young (Normal) (G1 Evacuation Pause)
[2024-07-03T20:42:11.340-0500][gc,task     ] GC(33) Using 8 workers of 8 for evacuation
[2024-07-03T20:42:11.364-0500][gc,mmu      ] GC(33) MMU target violated: 21.0ms (20.0ms/21.0ms)
[2024-07-03T20:42:11.364-0500][gc,phases   ] GC(33)   Pre Evacuate Collection Set: 0.8ms
[2024-07-03T20:42:11.364-0500][gc,phases   ] GC(33)   Merge Heap Roots: 0.9ms
[2024-07-03T20:42:11.364-0500][gc,phases   ] GC(33)   Evacuate Collection Set: 20.8ms
[2024-07-03T20:42:11.364-0500][gc,phases   ] GC(33)   Post Evacuate Collection Set: 1.0ms
[2024-07-03T20:42:11.364-0500][gc,phases   ] GC(33)   Other: 2.4ms
[2024-07-03T20:42:11.364-0500][gc,heap     ] GC(33) Eden regions: 45->0(45)
[2024-07-03T20:42:11.364-0500][gc,heap     ] GC(33) Survivor regions: 6->6(7)
[2024-07-03T20:42:11.364-0500][gc,heap     ] GC(33) Old regions: 61->64
[2024-07-03T20:42:11.364-0500][gc,heap     ] GC(33) Archive regions: 2->2
[2024-07-03T20:42:11.364-0500][gc,heap     ] GC(33) Humongous regions: 147->147
[2024-07-03T20:42:11.364-0500][gc,metaspace] GC(33) Metaspace: 42509K(43008K)->42509K(43008K) NonClass: 37677K(37952K)->37677K(37952K) Class: 4831K(5056K)->4831K(5056K)
[2024-07-03T20:42:11.365-0500][gc          ] GC(33) Pause Young (Normal) (G1 Evacuation Pause) 259M->216M(1024M) 25.846ms
[2024-07-03T20:42:11.365-0500][gc,cpu      ] GC(33) User=0.04s Sys=0.03s Real=0.03s
[2024-07-03T20:50:22.558-0500][gc,start    ] GC(34) Pause Young (Normal) (G1 Evacuation Pause)
[2024-07-03T20:50:22.560-0500][gc,task     ] GC(34) Using 8 workers of 8 for evacuation
[2024-07-03T20:50:22.586-0500][gc,mmu      ] GC(34) MMU target violated: 21.0ms (20.0ms/21.0ms)
[2024-07-03T20:50:22.586-0500][gc,phases   ] GC(34)   Pre Evacuate Collection Set: 1.1ms
[2024-07-03T20:50:22.586-0500][gc,phases   ] GC(34)   Merge Heap Roots: 0.4ms
[2024-07-03T20:50:22.586-0500][gc,phases   ] GC(34)   Evacuate Collection Set: 20.2ms
[2024-07-03T20:50:22.586-0500][gc,phases   ] GC(34)   Post Evacuate Collection Set: 3.6ms
[2024-07-03T20:50:22.586-0500][gc,phases   ] GC(34)   Other: 2.8ms
[2024-07-03T20:50:22.586-0500][gc,heap     ] GC(34) Eden regions: 45->0(45)
[2024-07-03T20:50:22.586-0500][gc,heap     ] GC(34) Survivor regions: 6->6(7)
[2024-07-03T20:50:22.586-0500][gc,heap     ] GC(34) Old regions: 64->66
[2024-07-03T20:50:22.586-0500][gc,heap     ] GC(34) Archive regions: 2->2
[2024-07-03T20:50:22.586-0500][gc,heap     ] GC(34) Humongous regions: 147->147
[2024-07-03T20:50:22.586-0500][gc,metaspace] GC(34) Metaspace: 42510K(43008K)->42510K(43008K) NonClass: 37679K(37952K)->37679K(37952K) Class: 4831K(5056K)->4831K(5056K)
[2024-07-03T20:50:22.586-0500][gc          ] GC(34) Pause Young (Normal) (G1 Evacuation Pause) 261M->218M(1024M) 28.170ms
[2024-07-03T20:50:22.586-0500][gc,cpu      ] GC(34) User=0.04s Sys=0.04s Real=0.03s
[2024-07-03T20:58:34.414-0500][gc,start    ] GC(35) Pause Young (Normal) (G1 Evacuation Pause)
[2024-07-03T20:58:34.415-0500][gc,task     ] GC(35) Using 8 workers of 8 for evacuation
[2024-07-03T20:58:34.434-0500][gc,phases   ] GC(35)   Pre Evacuate Collection Set: 0.7ms
[2024-07-03T20:58:34.434-0500][gc,phases   ] GC(35)   Merge Heap Roots: 0.2ms
[2024-07-03T20:58:34.434-0500][gc,phases   ] GC(35)   Evacuate Collection Set: 15.8ms
[2024-07-03T20:58:34.434-0500][gc,phases   ] GC(35)   Post Evacuate Collection Set: 1.2ms
[2024-07-03T20:58:34.434-0500][gc,phases   ] GC(35)   Other: 1.7ms
[2024-07-03T20:58:34.434-0500][gc,heap     ] GC(35) Eden regions: 45->0(45)
[2024-07-03T20:58:34.434-0500][gc,heap     ] GC(35) Survivor regions: 6->6(7)
[2024-07-03T20:58:34.434-0500][gc,heap     ] GC(35) Old regions: 66->68
[2024-07-03T20:58:34.434-0500][gc,heap     ] GC(35) Archive regions: 2->2
[2024-07-03T20:58:34.434-0500][gc,heap     ] GC(35) Humongous regions: 147->147
[2024-07-03T20:58:34.434-0500][gc,metaspace] GC(35) Metaspace: 42528K(43072K)->42528K(43072K) NonClass: 37696K(38016K)->37696K(38016K) Class: 4831K(5056K)->4831K(5056K)
[2024-07-03T20:58:34.434-0500][gc          ] GC(35) Pause Young (Normal) (G1 Evacuation Pause) 263M->221M(1024M) 19.808ms
[2024-07-03T20:58:34.434-0500][gc,cpu      ] GC(35) User=0.04s Sys=0.03s Real=0.02s
[2024-07-03T21:05:56.803-0500][gc,start    ] GC(36) Pause Young (Normal) (G1 Evacuation Pause)
[2024-07-03T21:05:56.805-0500][gc,task     ] GC(36) Using 8 workers of 8 for evacuation
[2024-07-03T21:05:56.855-0500][gc,mmu      ] GC(36) MMU target violated: 21.0ms (20.0ms/21.0ms)
[2024-07-03T21:05:56.855-0500][gc,phases   ] GC(36)   Pre Evacuate Collection Set: 1.3ms
[2024-07-03T21:05:56.855-0500][gc,phases   ] GC(36)   Merge Heap Roots: 0.4ms
[2024-07-03T21:05:56.855-0500][gc,phases   ] GC(36)   Evacuate Collection Set: 43.2ms
[2024-07-03T21:05:56.855-0500][gc,phases   ] GC(36)   Post Evacuate Collection Set: 4.0ms
[2024-07-03T21:05:56.855-0500][gc,phases   ] GC(36)   Other: 2.7ms
[2024-07-03T21:05:56.855-0500][gc,heap     ] GC(36) Eden regions: 45->0(44)
[2024-07-03T21:05:56.855-0500][gc,heap     ] GC(36) Survivor regions: 6->7(7)
[2024-07-03T21:05:56.855-0500][gc,heap     ] GC(36) Old regions: 68->71
[2024-07-03T21:05:56.855-0500][gc,heap     ] GC(36) Archive regions: 2->2
[2024-07-03T21:05:56.855-0500][gc,heap     ] GC(36) Humongous regions: 147->147
[2024-07-03T21:05:56.855-0500][gc,metaspace] GC(36) Metaspace: 42555K(43072K)->42555K(43072K) NonClass: 37722K(38016K)->37722K(38016K) Class: 4833K(5056K)->4833K(5056K)
[2024-07-03T21:05:56.855-0500][gc          ] GC(36) Pause Young (Normal) (G1 Evacuation Pause) 266M->225M(1024M) 51.494ms
[2024-07-03T21:05:56.855-0500][gc,cpu      ] GC(36) User=0.05s Sys=0.08s Real=0.05s
[2024-07-03T21:13:55.709-0500][gc,start    ] GC(37) Pause Young (Normal) (G1 Evacuation Pause)
[2024-07-03T21:13:55.711-0500][gc,task     ] GC(37) Using 8 workers of 8 for evacuation
[2024-07-03T21:13:55.737-0500][gc,mmu      ] GC(37) MMU target violated: 21.0ms (20.0ms/21.0ms)
[2024-07-03T21:13:55.737-0500][gc,phases   ] GC(37)   Pre Evacuate Collection Set: 1.2ms
[2024-07-03T21:13:55.737-0500][gc,phases   ] GC(37)   Merge Heap Roots: 0.4ms
[2024-07-03T21:13:55.737-0500][gc,phases   ] GC(37)   Evacuate Collection Set: 21.3ms
[2024-07-03T21:13:55.737-0500][gc,phases   ] GC(37)   Post Evacuate Collection Set: 2.0ms
[2024-07-03T21:13:55.737-0500][gc,phases   ] GC(37)   Other: 3.3ms
[2024-07-03T21:13:55.737-0500][gc,heap     ] GC(37) Eden regions: 44->0(48)
[2024-07-03T21:13:55.737-0500][gc,heap     ] GC(37) Survivor regions: 7->3(7)
[2024-07-03T21:13:55.737-0500][gc,heap     ] GC(37) Old regions: 71->77
[2024-07-03T21:13:55.737-0500][gc,heap     ] GC(37) Archive regions: 2->2
[2024-07-03T21:13:55.737-0500][gc,heap     ] GC(37) Humongous regions: 147->147
[2024-07-03T21:13:55.737-0500][gc,metaspace] GC(37) Metaspace: 42562K(43072K)->42562K(43072K) NonClass: 37728K(38016K)->37728K(38016K) Class: 4833K(5056K)->4833K(5056K)
[2024-07-03T21:13:55.737-0500][gc          ] GC(37) Pause Young (Normal) (G1 Evacuation Pause) 269M->227M(1024M) 28.269ms
[2024-07-03T21:13:55.737-0500][gc,cpu      ] GC(37) User=0.04s Sys=0.05s Real=0.03s
[2024-07-03T21:22:41.567-0500][gc,start    ] GC(38) Pause Young (Normal) (G1 Evacuation Pause)
[2024-07-03T21:22:41.570-0500][gc,task     ] GC(38) Using 8 workers of 8 for evacuation
[2024-07-03T21:22:41.589-0500][gc,phases   ] GC(38)   Pre Evacuate Collection Set: 1.2ms
[2024-07-03T21:22:41.589-0500][gc,phases   ] GC(38)   Merge Heap Roots: 0.3ms
[2024-07-03T21:22:41.589-0500][gc,phases   ] GC(38)   Evacuate Collection Set: 16.5ms
[2024-07-03T21:22:41.589-0500][gc,phases   ] GC(38)   Post Evacuate Collection Set: 0.6ms
[2024-07-03T21:22:41.589-0500][gc,phases   ] GC(38)   Other: 3.5ms
[2024-07-03T21:22:41.589-0500][gc,heap     ] GC(38) Eden regions: 48->0(45)
[2024-07-03T21:22:41.589-0500][gc,heap     ] GC(38) Survivor regions: 3->6(7)
[2024-07-03T21:22:41.589-0500][gc,heap     ] GC(38) Old regions: 77->77
[2024-07-03T21:22:41.589-0500][gc,heap     ] GC(38) Archive regions: 2->2
[2024-07-03T21:22:41.589-0500][gc,heap     ] GC(38) Humongous regions: 147->147
[2024-07-03T21:22:41.589-0500][gc,metaspace] GC(38) Metaspace: 42580K(43072K)->42580K(43072K) NonClass: 37747K(38016K)->37747K(38016K) Class: 4833K(5056K)->4833K(5056K)
[2024-07-03T21:22:41.589-0500][gc          ] GC(38) Pause Young (Normal) (G1 Evacuation Pause) 275M->229M(1024M) 22.212ms
[2024-07-03T21:22:41.590-0500][gc,cpu      ] GC(38) User=0.03s Sys=0.04s Real=0.03s
[2024-07-03T21:30:54.454-0500][gc,start    ] GC(39) Pause Young (Normal) (G1 Evacuation Pause)
[2024-07-03T21:30:54.456-0500][gc,task     ] GC(39) Using 8 workers of 8 for evacuation
[2024-07-03T21:30:54.485-0500][gc,mmu      ] GC(39) MMU target violated: 21.0ms (20.0ms/21.0ms)
[2024-07-03T21:30:54.485-0500][gc,phases   ] GC(39)   Pre Evacuate Collection Set: 1.2ms
[2024-07-03T21:30:54.486-0500][gc,phases   ] GC(39)   Merge Heap Roots: 0.3ms
[2024-07-03T21:30:54.486-0500][gc,phases   ] GC(39)   Evacuate Collection Set: 22.9ms
[2024-07-03T21:30:54.486-0500][gc,phases   ] GC(39)   Post Evacuate Collection Set: 4.7ms
[2024-07-03T21:30:54.486-0500][gc,phases   ] GC(39)   Other: 2.7ms
[2024-07-03T21:30:54.486-0500][gc,heap     ] GC(39) Eden regions: 45->0(45)
[2024-07-03T21:30:54.486-0500][gc,heap     ] GC(39) Survivor regions: 6->6(7)
[2024-07-03T21:30:54.486-0500][gc,heap     ] GC(39) Old regions: 77->79
[2024-07-03T21:30:54.486-0500][gc,heap     ] GC(39) Archive regions: 2->2
[2024-07-03T21:30:54.486-0500][gc,heap     ] GC(39) Humongous regions: 147->147
[2024-07-03T21:30:54.486-0500][gc,metaspace] GC(39) Metaspace: 42583K(43072K)->42583K(43072K) NonClass: 37749K(38016K)->37749K(38016K) Class: 4833K(5056K)->4833K(5056K)
[2024-07-03T21:30:54.486-0500][gc          ] GC(39) Pause Young (Normal) (G1 Evacuation Pause) 274M->231M(1024M) 31.824ms
[2024-07-03T21:30:54.486-0500][gc,cpu      ] GC(39) User=0.04s Sys=0.04s Real=0.03s
[2024-07-03T21:39:05.806-0500][gc,start    ] GC(40) Pause Young (Normal) (G1 Evacuation Pause)
[2024-07-03T21:39:05.808-0500][gc,task     ] GC(40) Using 8 workers of 8 for evacuation
[2024-07-03T21:39:05.830-0500][gc,mmu      ] GC(40) MMU target violated: 21.0ms (20.0ms/21.0ms)
[2024-07-03T21:39:05.830-0500][gc,phases   ] GC(40)   Pre Evacuate Collection Set: 1.3ms
[2024-07-03T21:39:05.830-0500][gc,phases   ] GC(40)   Merge Heap Roots: 0.4ms
[2024-07-03T21:39:05.830-0500][gc,phases   ] GC(40)   Evacuate Collection Set: 19.5ms
[2024-07-03T21:39:05.830-0500][gc,phases   ] GC(40)   Post Evacuate Collection Set: 0.7ms
[2024-07-03T21:39:05.830-0500][gc,phases   ] GC(40)   Other: 2.9ms
[2024-07-03T21:39:05.830-0500][gc,heap     ] GC(40) Eden regions: 45->0(45)
[2024-07-03T21:39:05.830-0500][gc,heap     ] GC(40) Survivor regions: 6->6(7)
[2024-07-03T21:39:05.830-0500][gc,heap     ] GC(40) Old regions: 79->82
[2024-07-03T21:39:05.830-0500][gc,heap     ] GC(40) Archive regions: 2->2
[2024-07-03T21:39:05.830-0500][gc,heap     ] GC(40) Humongous regions: 147->147
[2024-07-03T21:39:05.830-0500][gc,metaspace] GC(40) Metaspace: 42583K(43072K)->42583K(43072K) NonClass: 37749K(38016K)->37749K(38016K) Class: 4833K(5056K)->4833K(5056K)
[2024-07-03T21:39:05.830-0500][gc          ] GC(40) Pause Young (Normal) (G1 Evacuation Pause) 276M->234M(1024M) 24.903ms
[2024-07-03T21:39:05.831-0500][gc,cpu      ] GC(40) User=0.04s Sys=0.04s Real=0.03s
[2024-07-03T21:47:19.409-0500][gc,start    ] GC(41) Pause Young (Normal) (G1 Evacuation Pause)
[2024-07-03T21:47:19.412-0500][gc,task     ] GC(41) Using 8 workers of 8 for evacuation
[2024-07-03T21:47:19.430-0500][gc,phases   ] GC(41)   Pre Evacuate Collection Set: 0.9ms
[2024-07-03T21:47:19.430-0500][gc,phases   ] GC(41)   Merge Heap Roots: 0.4ms
[2024-07-03T21:47:19.430-0500][gc,phases   ] GC(41)   Evacuate Collection Set: 15.8ms
[2024-07-03T21:47:19.430-0500][gc,phases   ] GC(41)   Post Evacuate Collection Set: 0.6ms
[2024-07-03T21:47:19.430-0500][gc,phases   ] GC(41)   Other: 3.3ms
[2024-07-03T21:47:19.430-0500][gc,heap     ] GC(41) Eden regions: 45->0(45)
[2024-07-03T21:47:19.430-0500][gc,heap     ] GC(41) Survivor regions: 6->6(7)
[2024-07-03T21:47:19.430-0500][gc,heap     ] GC(41) Old regions: 82->84
[2024-07-03T21:47:19.430-0500][gc,heap     ] GC(41) Archive regions: 2->2
[2024-07-03T21:47:19.430-0500][gc,heap     ] GC(41) Humongous regions: 147->147
[2024-07-03T21:47:19.431-0500][gc,metaspace] GC(41) Metaspace: 42590K(43072K)->42590K(43072K) NonClass: 37756K(38016K)->37756K(38016K) Class: 4833K(5056K)->4833K(5056K)
[2024-07-03T21:47:19.431-0500][gc          ] GC(41) Pause Young (Normal) (G1 Evacuation Pause) 279M->236M(1024M) 21.226ms
[2024-07-03T21:47:19.431-0500][gc,cpu      ] GC(41) User=0.04s Sys=0.03s Real=0.03s
[2024-07-03T21:55:31.772-0500][gc,start    ] GC(42) Pause Young (Normal) (G1 Evacuation Pause)
[2024-07-03T21:55:31.774-0500][gc,task     ] GC(42) Using 8 workers of 8 for evacuation
[2024-07-03T21:55:31.798-0500][gc,mmu      ] GC(42) MMU target violated: 21.0ms (20.0ms/21.0ms)
[2024-07-03T21:55:31.798-0500][gc,phases   ] GC(42)   Pre Evacuate Collection Set: 0.8ms
[2024-07-03T21:55:31.798-0500][gc,phases   ] GC(42)   Merge Heap Roots: 0.3ms
[2024-07-03T21:55:31.799-0500][gc,phases   ] GC(42)   Evacuate Collection Set: 21.5ms
[2024-07-03T21:55:31.799-0500][gc,phases   ] GC(42)   Post Evacuate Collection Set: 1.0ms
[2024-07-03T21:55:31.799-0500][gc,phases   ] GC(42)   Other: 2.6ms
[2024-07-03T21:55:31.799-0500][gc,heap     ] GC(42) Eden regions: 45->0(46)
[2024-07-03T21:55:31.799-0500][gc,heap     ] GC(42) Survivor regions: 6->5(7)
[2024-07-03T21:55:31.799-0500][gc,heap     ] GC(42) Old regions: 84->86
[2024-07-03T21:55:31.799-0500][gc,heap     ] GC(42) Archive regions: 2->2
[2024-07-03T21:55:31.799-0500][gc,heap     ] GC(42) Humongous regions: 147->147
[2024-07-03T21:55:31.799-0500][gc,metaspace] GC(42) Metaspace: 42591K(43072K)->42591K(43072K) NonClass: 37757K(38016K)->37757K(38016K) Class: 4833K(5056K)->4833K(5056K)
[2024-07-03T21:55:31.799-0500][gc          ] GC(42) Pause Young (Normal) (G1 Evacuation Pause) 281M->238M(1024M) 26.311ms
[2024-07-03T21:55:31.799-0500][gc,cpu      ] GC(42) User=0.04s Sys=0.03s Real=0.02s
[2024-07-03T22:03:55.200-0500][gc,start    ] GC(43) Pause Young (Normal) (G1 Evacuation Pause)
[2024-07-03T22:03:55.202-0500][gc,task     ] GC(43) Using 8 workers of 8 for evacuation
[2024-07-03T22:03:55.225-0500][gc,mmu      ] GC(43) MMU target violated: 21.0ms (20.0ms/21.0ms)
[2024-07-03T22:03:55.225-0500][gc,phases   ] GC(43)   Pre Evacuate Collection Set: 0.9ms
[2024-07-03T22:03:55.225-0500][gc,phases   ] GC(43)   Merge Heap Roots: 0.4ms
[2024-07-03T22:03:55.225-0500][gc,phases   ] GC(43)   Evacuate Collection Set: 20.2ms
[2024-07-03T22:03:55.225-0500][gc,phases   ] GC(43)   Post Evacuate Collection Set: 1.2ms
[2024-07-03T22:03:55.225-0500][gc,phases   ] GC(43)   Other: 3.0ms
[2024-07-03T22:03:55.225-0500][gc,heap     ] GC(43) Eden regions: 46->0(45)
[2024-07-03T22:03:55.225-0500][gc,heap     ] GC(43) Survivor regions: 5->6(7)
[2024-07-03T22:03:55.225-0500][gc,heap     ] GC(43) Old regions: 86->89
[2024-07-03T22:03:55.226-0500][gc,heap     ] GC(43) Archive regions: 2->2
[2024-07-03T22:03:55.226-0500][gc,heap     ] GC(43) Humongous regions: 147->147
[2024-07-03T22:03:55.226-0500][gc,metaspace] GC(43) Metaspace: 42601K(43136K)->42601K(43136K) NonClass: 37767K(38080K)->37767K(38080K) Class: 4833K(5056K)->4833K(5056K)
[2024-07-03T22:03:55.226-0500][gc          ] GC(43) Pause Young (Normal) (G1 Evacuation Pause) 284M->241M(1024M) 25.762ms
[2024-07-03T22:03:55.226-0500][gc,cpu      ] GC(43) User=0.05s Sys=0.04s Real=0.02s
[2024-07-03T22:12:14.224-0500][gc,start    ] GC(44) Pause Young (Normal) (G1 Evacuation Pause)
[2024-07-03T22:12:14.225-0500][gc,task     ] GC(44) Using 8 workers of 8 for evacuation
[2024-07-03T22:12:14.248-0500][gc,mmu      ] GC(44) MMU target violated: 21.0ms (20.0ms/21.0ms)
[2024-07-03T22:12:14.248-0500][gc,phases   ] GC(44)   Pre Evacuate Collection Set: 0.9ms
[2024-07-03T22:12:14.248-0500][gc,phases   ] GC(44)   Merge Heap Roots: 0.4ms
[2024-07-03T22:12:14.248-0500][gc,phases   ] GC(44)   Evacuate Collection Set: 19.7ms
[2024-07-03T22:12:14.248-0500][gc,phases   ] GC(44)   Post Evacuate Collection Set: 0.7ms
[2024-07-03T22:12:14.248-0500][gc,phases   ] GC(44)   Other: 3.2ms
[2024-07-03T22:12:14.248-0500][gc,heap     ] GC(44) Eden regions: 45->0(44)
[2024-07-03T22:12:14.248-0500][gc,heap     ] GC(44) Survivor regions: 6->7(7)
[2024-07-03T22:12:14.248-0500][gc,heap     ] GC(44) Old regions: 89->91
[2024-07-03T22:12:14.248-0500][gc,heap     ] GC(44) Archive regions: 2->2
[2024-07-03T22:12:14.248-0500][gc,heap     ] GC(44) Humongous regions: 147->147
[2024-07-03T22:12:14.248-0500][gc,metaspace] GC(44) Metaspace: 42613K(43136K)->42613K(43136K) NonClass: 37776K(38080K)->37776K(38080K) Class: 4836K(5056K)->4836K(5056K)
[2024-07-03T22:12:14.248-0500][gc          ] GC(44) Pause Young (Normal) (G1 Evacuation Pause) 286M->245M(1024M) 23.947ms
[2024-07-03T22:12:14.248-0500][gc,cpu      ] GC(44) User=0.04s Sys=0.04s Real=0.02s
[2024-07-03T22:20:13.946-0500][gc,start    ] GC(45) Pause Young (Normal) (G1 Evacuation Pause)
[2024-07-03T22:20:13.947-0500][gc,task     ] GC(45) Using 8 workers of 8 for evacuation
[2024-07-03T22:20:13.983-0500][gc,mmu      ] GC(45) MMU target violated: 21.0ms (20.0ms/21.0ms)
[2024-07-03T22:20:13.984-0500][gc,phases   ] GC(45)   Pre Evacuate Collection Set: 1.0ms
[2024-07-03T22:20:13.984-0500][gc,phases   ] GC(45)   Merge Heap Roots: 0.9ms
[2024-07-03T22:20:13.984-0500][gc,phases   ] GC(45)   Evacuate Collection Set: 32.9ms
[2024-07-03T22:20:13.984-0500][gc,phases   ] GC(45)   Post Evacuate Collection Set: 1.4ms
[2024-07-03T22:20:13.984-0500][gc,phases   ] GC(45)   Other: 1.5ms
[2024-07-03T22:20:13.984-0500][gc,heap     ] GC(45) Eden regions: 44->0(48)
[2024-07-03T22:20:13.984-0500][gc,heap     ] GC(45) Survivor regions: 7->3(7)
[2024-07-03T22:20:13.984-0500][gc,heap     ] GC(45) Old regions: 91->96
[2024-07-03T22:20:13.984-0500][gc,heap     ] GC(45) Archive regions: 2->2
[2024-07-03T22:20:13.984-0500][gc,heap     ] GC(45) Humongous regions: 147->147
[2024-07-03T22:20:13.984-0500][gc,metaspace] GC(45) Metaspace: 42636K(43136K)->42636K(43136K) NonClass: 37799K(38080K)->37799K(38080K) Class: 4836K(5056K)->4836K(5056K)
[2024-07-03T22:20:13.984-0500][gc          ] GC(45) Pause Young (Normal) (G1 Evacuation Pause) 289M->245M(1024M) 37.931ms
[2024-07-03T22:20:13.984-0500][gc,cpu      ] GC(45) User=0.03s Sys=0.02s Real=0.04s
[2024-07-03T22:28:57.243-0500][gc,start    ] GC(46) Pause Young (Normal) (G1 Evacuation Pause)
[2024-07-03T22:28:57.245-0500][gc,task     ] GC(46) Using 8 workers of 8 for evacuation
[2024-07-03T22:28:57.269-0500][gc,mmu      ] GC(46) MMU target violated: 21.0ms (20.0ms/21.0ms)
[2024-07-03T22:28:57.269-0500][gc,phases   ] GC(46)   Pre Evacuate Collection Set: 1.9ms
[2024-07-03T22:28:57.269-0500][gc,phases   ] GC(46)   Merge Heap Roots: 0.2ms
[2024-07-03T22:28:57.269-0500][gc,phases   ] GC(46)   Evacuate Collection Set: 19.5ms
[2024-07-03T22:28:57.269-0500][gc,phases   ] GC(46)   Post Evacuate Collection Set: 1.8ms
[2024-07-03T22:28:57.269-0500][gc,phases   ] GC(46)   Other: 2.9ms
[2024-07-03T22:28:57.269-0500][gc,heap     ] GC(46) Eden regions: 48->0(46)
[2024-07-03T22:28:57.269-0500][gc,heap     ] GC(46) Survivor regions: 3->5(7)
[2024-07-03T22:28:57.269-0500][gc,heap     ] GC(46) Old regions: 96->96
[2024-07-03T22:28:57.269-0500][gc,heap     ] GC(46) Archive regions: 2->2
[2024-07-03T22:28:57.269-0500][gc,heap     ] GC(46) Humongous regions: 147->147
[2024-07-03T22:28:57.269-0500][gc,metaspace] GC(46) Metaspace: 42640K(43136K)->42640K(43136K) NonClass: 37804K(38080K)->37804K(38080K) Class: 4836K(5056K)->4836K(5056K)
[2024-07-03T22:28:57.269-0500][gc          ] GC(46) Pause Young (Normal) (G1 Evacuation Pause) 293M->247M(1024M) 26.461ms
[2024-07-03T22:28:57.269-0500][gc,cpu      ] GC(46) User=0.02s Sys=0.03s Real=0.02s
[2024-07-03T22:37:18.874-0500][gc,start    ] GC(47) Pause Young (Normal) (G1 Evacuation Pause)
[2024-07-03T22:37:18.876-0500][gc,task     ] GC(47) Using 8 workers of 8 for evacuation
[2024-07-03T22:37:18.897-0500][gc,mmu      ] GC(47) MMU target violated: 20.6ms (20.0ms/21.0ms)
[2024-07-03T22:37:18.897-0500][gc,phases   ] GC(47)   Pre Evacuate Collection Set: 0.5ms
[2024-07-03T22:37:18.897-0500][gc,phases   ] GC(47)   Merge Heap Roots: 0.2ms
[2024-07-03T22:37:18.897-0500][gc,phases   ] GC(47)   Evacuate Collection Set: 19.4ms
[2024-07-03T22:37:18.897-0500][gc,phases   ] GC(47)   Post Evacuate Collection Set: 0.6ms
[2024-07-03T22:37:18.897-0500][gc,phases   ] GC(47)   Other: 2.2ms
[2024-07-03T22:37:18.897-0500][gc,heap     ] GC(47) Eden regions: 46->0(45)
[2024-07-03T22:37:18.897-0500][gc,heap     ] GC(47) Survivor regions: 5->6(7)
[2024-07-03T22:37:18.897-0500][gc,heap     ] GC(47) Old regions: 96->97
[2024-07-03T22:37:18.897-0500][gc,heap     ] GC(47) Archive regions: 2->2
[2024-07-03T22:37:18.897-0500][gc,heap     ] GC(47) Humongous regions: 147->147
[2024-07-03T22:37:18.897-0500][gc,metaspace] GC(47) Metaspace: 42642K(43136K)->42642K(43136K) NonClass: 37805K(38080K)->37805K(38080K) Class: 4836K(5056K)->4836K(5056K)
[2024-07-03T22:37:18.897-0500][gc          ] GC(47) Pause Young (Normal) (G1 Evacuation Pause) 293M->250M(1024M) 22.965ms
[2024-07-03T22:37:18.897-0500][gc,cpu      ] GC(47) User=0.03s Sys=0.02s Real=0.02s
[2024-07-03T22:45:29.547-0500][gc,start    ] GC(48) Pause Young (Normal) (G1 Evacuation Pause)
[2024-07-03T22:45:29.548-0500][gc,task     ] GC(48) Using 8 workers of 8 for evacuation
[2024-07-03T22:45:29.571-0500][gc,mmu      ] GC(48) MMU target violated: 21.0ms (20.0ms/21.0ms)
[2024-07-03T22:45:29.571-0500][gc,phases   ] GC(48)   Pre Evacuate Collection Set: 1.4ms
[2024-07-03T22:45:29.571-0500][gc,phases   ] GC(48)   Merge Heap Roots: 1.1ms
[2024-07-03T22:45:29.571-0500][gc,phases   ] GC(48)   Evacuate Collection Set: 18.2ms
[2024-07-03T22:45:29.571-0500][gc,phases   ] GC(48)   Post Evacuate Collection Set: 1.2ms
[2024-07-03T22:45:29.571-0500][gc,phases   ] GC(48)   Other: 3.7ms
[2024-07-03T22:45:29.571-0500][gc,heap     ] GC(48) Eden regions: 45->0(46)
[2024-07-03T22:45:29.571-0500][gc,heap     ] GC(48) Survivor regions: 6->5(7)
[2024-07-03T22:45:29.571-0500][gc,heap     ] GC(48) Old regions: 97->100
[2024-07-03T22:45:29.571-0500][gc,heap     ] GC(48) Archive regions: 2->2
[2024-07-03T22:45:29.571-0500][gc,heap     ] GC(48) Humongous regions: 147->147
[2024-07-03T22:45:29.571-0500][gc,metaspace] GC(48) Metaspace: 42648K(43136K)->42648K(43136K) NonClass: 37812K(38080K)->37812K(38080K) Class: 4836K(5056K)->4836K(5056K)
[2024-07-03T22:45:29.571-0500][gc          ] GC(48) Pause Young (Normal) (G1 Evacuation Pause) 295M->252M(1024M) 24.677ms
[2024-07-03T22:45:29.571-0500][gc,cpu      ] GC(48) User=0.04s Sys=0.04s Real=0.03s
[2024-07-03T22:53:50.076-0500][gc,start    ] GC(49) Pause Young (Normal) (G1 Evacuation Pause)
[2024-07-03T22:53:50.079-0500][gc,task     ] GC(49) Using 8 workers of 8 for evacuation
[2024-07-03T22:53:50.114-0500][gc,mmu      ] GC(49) MMU target violated: 21.0ms (20.0ms/21.0ms)
[2024-07-03T22:53:50.114-0500][gc,phases   ] GC(49)   Pre Evacuate Collection Set: 1.3ms
[2024-07-03T22:53:50.114-0500][gc,phases   ] GC(49)   Merge Heap Roots: 0.5ms
[2024-07-03T22:53:50.114-0500][gc,phases   ] GC(49)   Evacuate Collection Set: 31.5ms
[2024-07-03T22:53:50.114-0500][gc,phases   ] GC(49)   Post Evacuate Collection Set: 1.4ms
[2024-07-03T22:53:50.114-0500][gc,phases   ] GC(49)   Other: 3.4ms
[2024-07-03T22:53:50.114-0500][gc,heap     ] GC(49) Eden regions: 46->0(46)
[2024-07-03T22:53:50.114-0500][gc,heap     ] GC(49) Survivor regions: 5->5(7)
[2024-07-03T22:53:50.114-0500][gc,heap     ] GC(49) Old regions: 100->102
[2024-07-03T22:53:50.114-0500][gc,heap     ] GC(49) Archive regions: 2->2
[2024-07-03T22:53:50.114-0500][gc,heap     ] GC(49) Humongous regions: 147->147
[2024-07-03T22:53:50.114-0500][gc,metaspace] GC(49) Metaspace: 42657K(43136K)->42657K(43136K) NonClass: 37821K(38080K)->37821K(38080K) Class: 4836K(5056K)->4836K(5056K)
[2024-07-03T22:53:50.114-0500][gc          ] GC(49) Pause Young (Normal) (G1 Evacuation Pause) 298M->254M(1024M) 38.196ms
[2024-07-03T22:53:50.114-0500][gc,cpu      ] GC(49) User=0.04s Sys=0.04s Real=0.04s
[2024-07-03T23:02:14.230-0500][gc,start    ] GC(50) Pause Young (Normal) (G1 Evacuation Pause)
[2024-07-03T23:02:14.233-0500][gc,task     ] GC(50) Using 8 workers of 8 for evacuation
[2024-07-03T23:02:14.278-0500][gc,mmu      ] GC(50) MMU target violated: 21.0ms (20.0ms/21.0ms)
[2024-07-03T23:02:14.278-0500][gc,phases   ] GC(50)   Pre Evacuate Collection Set: 3.3ms
[2024-07-03T23:02:14.278-0500][gc,phases   ] GC(50)   Merge Heap Roots: 0.6ms
[2024-07-03T23:02:14.278-0500][gc,phases   ] GC(50)   Evacuate Collection Set: 40.4ms
[2024-07-03T23:02:14.278-0500][gc,phases   ] GC(50)   Post Evacuate Collection Set: 0.8ms
[2024-07-03T23:02:14.278-0500][gc,phases   ] GC(50)   Other: 3.2ms
[2024-07-03T23:02:14.278-0500][gc,heap     ] GC(50) Eden regions: 46->0(45)
[2024-07-03T23:02:14.278-0500][gc,heap     ] GC(50) Survivor regions: 5->6(7)
[2024-07-03T23:02:14.278-0500][gc,heap     ] GC(50) Old regions: 102->104
[2024-07-03T23:02:14.278-0500][gc,heap     ] GC(50) Archive regions: 2->2
[2024-07-03T23:02:14.278-0500][gc,heap     ] GC(50) Humongous regions: 147->147
[2024-07-03T23:02:14.278-0500][gc,metaspace] GC(50) Metaspace: 42662K(43136K)->42662K(43136K) NonClass: 37826K(38080K)->37826K(38080K) Class: 4836K(5056K)->4836K(5056K)
[2024-07-03T23:02:14.279-0500][gc          ] GC(50) Pause Young (Normal) (G1 Evacuation Pause) 300M->257M(1024M) 48.317ms
[2024-07-03T23:02:14.279-0500][gc,cpu      ] GC(50) User=0.03s Sys=0.05s Real=0.04s
[2024-07-03T23:09:31.943-0500][gc,start    ] GC(51) Pause Young (Normal) (G1 Evacuation Pause)
[2024-07-03T23:09:31.944-0500][gc,task     ] GC(51) Using 8 workers of 8 for evacuation
[2024-07-03T23:09:31.993-0500][gc,mmu      ] GC(51) MMU target violated: 21.0ms (20.0ms/21.0ms)
[2024-07-03T23:09:31.993-0500][gc,phases   ] GC(51)   Pre Evacuate Collection Set: 0.9ms
[2024-07-03T23:09:31.993-0500][gc,phases   ] GC(51)   Merge Heap Roots: 0.2ms
[2024-07-03T23:09:31.993-0500][gc,phases   ] GC(51)   Evacuate Collection Set: 46.3ms
[2024-07-03T23:09:31.993-0500][gc,phases   ] GC(51)   Post Evacuate Collection Set: 0.4ms
[2024-07-03T23:09:31.993-0500][gc,phases   ] GC(51)   Other: 2.5ms
[2024-07-03T23:09:31.993-0500][gc,heap     ] GC(51) Eden regions: 45->0(44)
[2024-07-03T23:09:31.993-0500][gc,heap     ] GC(51) Survivor regions: 6->7(7)
[2024-07-03T23:09:31.993-0500][gc,heap     ] GC(51) Old regions: 104->108
[2024-07-03T23:09:31.993-0500][gc,heap     ] GC(51) Archive regions: 2->2
[2024-07-03T23:09:31.993-0500][gc,heap     ] GC(51) Humongous regions: 147->147
[2024-07-03T23:09:31.993-0500][gc,metaspace] GC(51) Metaspace: 42667K(43136K)->42667K(43136K) NonClass: 37831K(38080K)->37831K(38080K) Class: 4836K(5056K)->4836K(5056K)
[2024-07-03T23:09:31.993-0500][gc          ] GC(51) Pause Young (Normal) (G1 Evacuation Pause) 302M->262M(1024M) 49.990ms
[2024-07-03T23:09:31.993-0500][gc,cpu      ] GC(51) User=0.04s Sys=0.05s Real=0.05s
[2024-07-03T23:17:30.423-0500][gc,start    ] GC(52) Pause Young (Normal) (G1 Evacuation Pause)
[2024-07-03T23:17:30.424-0500][gc,task     ] GC(52) Using 8 workers of 8 for evacuation
[2024-07-03T23:17:30.468-0500][gc,mmu      ] GC(52) MMU target violated: 21.0ms (20.0ms/21.0ms)
[2024-07-03T23:17:30.469-0500][gc,phases   ] GC(52)   Pre Evacuate Collection Set: 0.7ms
[2024-07-03T23:17:30.469-0500][gc,phases   ] GC(52)   Merge Heap Roots: 0.3ms
[2024-07-03T23:17:30.469-0500][gc,phases   ] GC(52)   Evacuate Collection Set: 41.6ms
[2024-07-03T23:17:30.469-0500][gc,phases   ] GC(52)   Post Evacuate Collection Set: 1.3ms
[2024-07-03T23:17:30.469-0500][gc,phases   ] GC(52)   Other: 2.0ms
[2024-07-03T23:17:30.469-0500][gc,heap     ] GC(52) Eden regions: 44->0(47)
[2024-07-03T23:17:30.469-0500][gc,heap     ] GC(52) Survivor regions: 7->4(7)
[2024-07-03T23:17:30.469-0500][gc,heap     ] GC(52) Old regions: 108->113
[2024-07-03T23:17:30.469-0500][gc,heap     ] GC(52) Archive regions: 2->2
[2024-07-03T23:17:30.469-0500][gc,heap     ] GC(52) Humongous regions: 147->147
[2024-07-03T23:17:30.469-0500][gc,metaspace] GC(52) Metaspace: 42669K(43136K)->42669K(43136K) NonClass: 37833K(38080K)->37833K(38080K) Class: 4836K(5056K)->4836K(5056K)
[2024-07-03T23:17:30.469-0500][gc          ] GC(52) Pause Young (Normal) (G1 Evacuation Pause) 306M->264M(1024M) 45.487ms
[2024-07-03T23:17:30.469-0500][gc,cpu      ] GC(52) User=0.04s Sys=0.07s Real=0.04s
[2024-07-03T23:26:04.554-0500][gc,start    ] GC(53) Pause Young (Normal) (G1 Evacuation Pause)
[2024-07-03T23:26:04.557-0500][gc,task     ] GC(53) Using 8 workers of 8 for evacuation
[2024-07-03T23:26:04.596-0500][gc,mmu      ] GC(53) MMU target violated: 21.0ms (20.0ms/21.0ms)
[2024-07-03T23:26:04.596-0500][gc,phases   ] GC(53)   Pre Evacuate Collection Set: 0.9ms
[2024-07-03T23:26:04.596-0500][gc,phases   ] GC(53)   Merge Heap Roots: 0.1ms
[2024-07-03T23:26:04.596-0500][gc,phases   ] GC(53)   Evacuate Collection Set: 32.0ms
[2024-07-03T23:26:04.596-0500][gc,phases   ] GC(53)   Post Evacuate Collection Set: 5.8ms
[2024-07-03T23:26:04.596-0500][gc,phases   ] GC(53)   Other: 3.3ms
[2024-07-03T23:26:04.596-0500][gc,heap     ] GC(53) Eden regions: 47->0(45)
[2024-07-03T23:26:04.596-0500][gc,heap     ] GC(53) Survivor regions: 4->6(7)
[2024-07-03T23:26:04.596-0500][gc,heap     ] GC(53) Old regions: 113->113
[2024-07-03T23:26:04.596-0500][gc,heap     ] GC(53) Archive regions: 2->2
[2024-07-03T23:26:04.596-0500][gc,heap     ] GC(53) Humongous regions: 147->147
[2024-07-03T23:26:04.596-0500][gc,metaspace] GC(53) Metaspace: 42690K(43200K)->42690K(43200K) NonClass: 37854K(38144K)->37854K(38144K) Class: 4836K(5056K)->4836K(5056K)
[2024-07-03T23:26:04.596-0500][gc          ] GC(53) Pause Young (Normal) (G1 Evacuation Pause) 311M->266M(1024M) 42.190ms
[2024-07-03T23:26:04.596-0500][gc,cpu      ] GC(53) User=0.04s Sys=0.06s Real=0.04s
[2024-07-03T23:34:16.071-0500][gc,start    ] GC(54) Pause Young (Normal) (G1 Evacuation Pause)
[2024-07-03T23:34:16.072-0500][gc,task     ] GC(54) Using 8 workers of 8 for evacuation
[2024-07-03T23:34:16.124-0500][gc,mmu      ] GC(54) MMU target violated: 21.0ms (20.0ms/21.0ms)
[2024-07-03T23:34:16.124-0500][gc,phases   ] GC(54)   Pre Evacuate Collection Set: 0.9ms
[2024-07-03T23:34:16.124-0500][gc,phases   ] GC(54)   Merge Heap Roots: 0.2ms
[2024-07-03T23:34:16.124-0500][gc,phases   ] GC(54)   Evacuate Collection Set: 49.4ms
[2024-07-03T23:34:16.124-0500][gc,phases   ] GC(54)   Post Evacuate Collection Set: 1.1ms
[2024-07-03T23:34:16.125-0500][gc,phases   ] GC(54)   Other: 1.9ms
[2024-07-03T23:34:16.125-0500][gc,heap     ] GC(54) Eden regions: 45->0(47)
[2024-07-03T23:34:16.125-0500][gc,heap     ] GC(54) Survivor regions: 6->4(7)
[2024-07-03T23:34:16.125-0500][gc,heap     ] GC(54) Old regions: 113->118
[2024-07-03T23:34:16.125-0500][gc,heap     ] GC(54) Archive regions: 2->2
[2024-07-03T23:34:16.125-0500][gc,heap     ] GC(54) Humongous regions: 147->147
[2024-07-03T23:34:16.125-0500][gc,metaspace] GC(54) Metaspace: 42696K(43200K)->42696K(43200K) NonClass: 37860K(38144K)->37860K(38144K) Class: 4836K(5056K)->4836K(5056K)
[2024-07-03T23:34:16.125-0500][gc          ] GC(54) Pause Young (Normal) (G1 Evacuation Pause) 311M->269M(1024M) 53.780ms
[2024-07-03T23:34:16.125-0500][gc,cpu      ] GC(54) User=0.03s Sys=0.02s Real=0.05s
[2024-07-03T23:42:51.236-0500][gc,start    ] GC(55) Pause Young (Normal) (G1 Evacuation Pause)
[2024-07-03T23:42:51.238-0500][gc,task     ] GC(55) Using 8 workers of 8 for evacuation
[2024-07-03T23:42:51.279-0500][gc,mmu      ] GC(55) MMU target violated: 21.0ms (20.0ms/21.0ms)
[2024-07-03T23:42:51.279-0500][gc,phases   ] GC(55)   Pre Evacuate Collection Set: 0.5ms
[2024-07-03T23:42:51.279-0500][gc,phases   ] GC(55)   Merge Heap Roots: 0.2ms
[2024-07-03T23:42:51.279-0500][gc,phases   ] GC(55)   Evacuate Collection Set: 39.9ms
[2024-07-03T23:42:51.279-0500][gc,phases   ] GC(55)   Post Evacuate Collection Set: 0.8ms
[2024-07-03T23:42:51.279-0500][gc,phases   ] GC(55)   Other: 1.9ms
[2024-07-03T23:42:51.279-0500][gc,heap     ] GC(55) Eden regions: 47->0(44)
[2024-07-03T23:42:51.279-0500][gc,heap     ] GC(55) Survivor regions: 4->7(7)
[2024-07-03T23:42:51.279-0500][gc,heap     ] GC(55) Old regions: 118->118
[2024-07-03T23:42:51.279-0500][gc,heap     ] GC(55) Archive regions: 2->2
[2024-07-03T23:42:51.279-0500][gc,heap     ] GC(55) Humongous regions: 147->147
[2024-07-03T23:42:51.279-0500][gc,metaspace] GC(55) Metaspace: 42696K(43200K)->42696K(43200K) NonClass: 37860K(38144K)->37860K(38144K) Class: 4836K(5056K)->4836K(5056K)
[2024-07-03T23:42:51.279-0500][gc          ] GC(55) Pause Young (Normal) (G1 Evacuation Pause) 316M->271M(1024M) 43.429ms
[2024-07-03T23:42:51.280-0500][gc,cpu      ] GC(55) User=0.03s Sys=0.04s Real=0.05s
[2024-07-04T03:31:49.506-0500][gc,start    ] GC(56) Pause Young (Normal) (G1 Evacuation Pause)
[2024-07-04T03:31:49.507-0500][gc,task     ] GC(56) Using 8 workers of 8 for evacuation
[2024-07-04T03:31:49.560-0500][gc,mmu      ] GC(56) MMU target violated: 21.0ms (20.0ms/21.0ms)
[2024-07-04T03:31:49.560-0500][gc,phases   ] GC(56)   Pre Evacuate Collection Set: 7.4ms
[2024-07-04T03:31:49.560-0500][gc,phases   ] GC(56)   Merge Heap Roots: 0.6ms
[2024-07-04T03:31:49.560-0500][gc,phases   ] GC(56)   Evacuate Collection Set: 41.2ms
[2024-07-04T03:31:49.560-0500][gc,phases   ] GC(56)   Post Evacuate Collection Set: 1.4ms
[2024-07-04T03:31:49.560-0500][gc,phases   ] GC(56)   Other: 5.0ms
[2024-07-04T03:31:49.560-0500][gc,heap     ] GC(56) Eden regions: 44->0(47)
[2024-07-04T03:31:49.560-0500][gc,heap     ] GC(56) Survivor regions: 7->4(7)
[2024-07-04T03:31:49.560-0500][gc,heap     ] GC(56) Old regions: 118->122
[2024-07-04T03:31:49.560-0500][gc,heap     ] GC(56) Archive regions: 2->2
[2024-07-04T03:31:49.560-0500][gc,heap     ] GC(56) Humongous regions: 147->147
[2024-07-04T03:31:49.560-0500][gc,metaspace] GC(56) Metaspace: 42704K(43200K)->42704K(43200K) NonClass: 37868K(38144K)->37868K(38144K) Class: 4836K(5056K)->4836K(5056K)
[2024-07-04T03:31:49.561-0500][gc          ] GC(56) Pause Young (Normal) (G1 Evacuation Pause) 315M->273M(1024M) 54.785ms
[2024-07-04T03:31:49.561-0500][gc,cpu      ] GC(56) User=0.03s Sys=0.08s Real=0.06s
[2024-07-04T09:09:09.548-0500][gc,start    ] GC(57) Pause Young (Normal) (G1 Evacuation Pause)
[2024-07-04T09:09:09.550-0500][gc,task     ] GC(57) Using 8 workers of 8 for evacuation
[2024-07-04T09:09:09.598-0500][gc,mmu      ] GC(57) MMU target violated: 21.0ms (20.0ms/21.0ms)
[2024-07-04T09:09:09.598-0500][gc,phases   ] GC(57)   Pre Evacuate Collection Set: 3.5ms
[2024-07-04T09:09:09.598-0500][gc,phases   ] GC(57)   Merge Heap Roots: 0.6ms
[2024-07-04T09:09:09.598-0500][gc,phases   ] GC(57)   Evacuate Collection Set: 40.5ms
[2024-07-04T09:09:09.598-0500][gc,phases   ] GC(57)   Post Evacuate Collection Set: 1.9ms
[2024-07-04T09:09:09.598-0500][gc,phases   ] GC(57)   Other: 4.9ms
[2024-07-04T09:09:09.598-0500][gc,heap     ] GC(57) Eden regions: 47->0(45)
[2024-07-04T09:09:09.598-0500][gc,heap     ] GC(57) Survivor regions: 4->6(7)
[2024-07-04T09:09:09.598-0500][gc,heap     ] GC(57) Old regions: 122->122
[2024-07-04T09:09:09.598-0500][gc,heap     ] GC(57) Archive regions: 2->2
[2024-07-04T09:09:09.598-0500][gc,heap     ] GC(57) Humongous regions: 147->147
[2024-07-04T09:09:09.598-0500][gc,metaspace] GC(57) Metaspace: 42719K(43200K)->42719K(43200K) NonClass: 37883K(38144K)->37883K(38144K) Class: 4836K(5056K)->4836K(5056K)
[2024-07-04T09:09:09.598-0500][gc          ] GC(57) Pause Young (Normal) (G1 Evacuation Pause) 320M->274M(1024M) 50.254ms
[2024-07-04T09:09:09.598-0500][gc,cpu      ] GC(57) User=0.02s Sys=0.07s Real=0.05s
[2024-07-04T11:10:03.181-0500][gc,start    ] GC(58) Pause Young (Normal) (G1 Evacuation Pause)
[2024-07-04T11:10:03.182-0500][gc,task     ] GC(58) Using 8 workers of 8 for evacuation
[2024-07-04T11:12:41.179-0500][gc,mmu      ] GC(58) MMU target violated: 21.0ms (20.0ms/21.0ms)
[2024-07-04T11:12:41.179-0500][gc,phases   ] GC(58)   Pre Evacuate Collection Set: 0.6ms
[2024-07-04T11:12:41.179-0500][gc,phases   ] GC(58)   Merge Heap Roots: 0.4ms
[2024-07-04T11:12:41.179-0500][gc,phases   ] GC(58)   Evacuate Collection Set: 345.4ms
[2024-07-04T11:12:41.179-0500][gc,phases   ] GC(58)   Post Evacuate Collection Set: 2.3ms
[2024-07-04T11:12:41.180-0500][gc,phases   ] GC(58)   Other: 2.5ms
[2024-07-04T11:12:41.180-0500][gc,heap     ] GC(58) Eden regions: 45->0(45)
[2024-07-04T11:12:41.180-0500][gc,heap     ] GC(58) Survivor regions: 6->6(7)
[2024-07-04T11:12:41.180-0500][gc,heap     ] GC(58) Old regions: 122->124
[2024-07-04T11:12:41.180-0500][gc,heap     ] GC(58) Archive regions: 2->2
[2024-07-04T11:12:41.180-0500][gc,heap     ] GC(58) Humongous regions: 147->147
[2024-07-04T11:12:41.180-0500][gc,metaspace] GC(58) Metaspace: 42741K(43264K)->42741K(43264K) NonClass: 37905K(38208K)->37905K(38208K) Class: 4836K(5056K)->4836K(5056K)
[2024-07-04T11:12:41.180-0500][gc          ] GC(58) Pause Young (Normal) (G1 Evacuation Pause) 319M->277M(1024M) 351.471ms
[2024-07-04T11:12:41.180-0500][gc,cpu      ] GC(58) User=0.02s Sys=0.03s Real=158.00s
[2024-07-04T11:57:49.712-0500][gc,start    ] GC(59) Pause Young (Normal) (G1 Evacuation Pause)
[2024-07-04T11:57:49.713-0500][gc,task     ] GC(59) Using 8 workers of 8 for evacuation
[2024-07-04T11:57:49.739-0500][gc,mmu      ] GC(59) MMU target violated: 21.0ms (20.0ms/21.0ms)
[2024-07-04T11:57:49.739-0500][gc,phases   ] GC(59)   Pre Evacuate Collection Set: 2.0ms
[2024-07-04T11:57:49.739-0500][gc,phases   ] GC(59)   Merge Heap Roots: 0.7ms
[2024-07-04T11:57:49.739-0500][gc,phases   ] GC(59)   Evacuate Collection Set: 22.0ms
[2024-07-04T11:57:49.739-0500][gc,phases   ] GC(59)   Post Evacuate Collection Set: 0.9ms
[2024-07-04T11:57:49.739-0500][gc,phases   ] GC(59)   Other: 2.0ms
[2024-07-04T11:57:49.739-0500][gc,heap     ] GC(59) Eden regions: 45->0(44)
[2024-07-04T11:57:49.739-0500][gc,heap     ] GC(59) Survivor regions: 6->7(7)
[2024-07-04T11:57:49.739-0500][gc,heap     ] GC(59) Old regions: 124->127
[2024-07-04T11:57:49.739-0500][gc,heap     ] GC(59) Archive regions: 2->2
[2024-07-04T11:57:49.739-0500][gc,heap     ] GC(59) Humongous regions: 147->147
[2024-07-04T11:57:49.739-0500][gc,metaspace] GC(59) Metaspace: 42748K(43264K)->42748K(43264K) NonClass: 37912K(38208K)->37912K(38208K) Class: 4836K(5056K)->4836K(5056K)
[2024-07-04T11:57:49.739-0500][gc          ] GC(59) Pause Young (Normal) (G1 Evacuation Pause) 322M->280M(1024M) 27.639ms
[2024-07-04T11:57:49.739-0500][gc,cpu      ] GC(59) User=0.03s Sys=0.04s Real=0.02s
[2024-07-04T12:05:50.005-0500][gc,start    ] GC(60) Pause Young (Normal) (G1 Evacuation Pause)
[2024-07-04T12:05:50.006-0500][gc,task     ] GC(60) Using 8 workers of 8 for evacuation
[2024-07-04T12:05:50.077-0500][gc,mmu      ] GC(60) MMU target violated: 21.0ms (20.0ms/21.0ms)
[2024-07-04T12:05:50.077-0500][gc,phases   ] GC(60)   Pre Evacuate Collection Set: 2.6ms
[2024-07-04T12:05:50.077-0500][gc,phases   ] GC(60)   Merge Heap Roots: 4.0ms
[2024-07-04T12:05:50.077-0500][gc,phases   ] GC(60)   Evacuate Collection Set: 60.7ms
[2024-07-04T12:05:50.077-0500][gc,phases   ] GC(60)   Post Evacuate Collection Set: 3.5ms
[2024-07-04T12:05:50.077-0500][gc,phases   ] GC(60)   Other: 3.3ms
[2024-07-04T12:05:50.077-0500][gc,heap     ] GC(60) Eden regions: 44->0(48)
[2024-07-04T12:05:50.078-0500][gc,heap     ] GC(60) Survivor regions: 7->3(7)
[2024-07-04T12:05:50.078-0500][gc,heap     ] GC(60) Old regions: 127->131
[2024-07-04T12:05:50.078-0500][gc,heap     ] GC(60) Archive regions: 2->2
[2024-07-04T12:05:50.078-0500][gc,heap     ] GC(60) Humongous regions: 147->147
[2024-07-04T12:05:50.078-0500][gc,metaspace] GC(60) Metaspace: 42760K(43264K)->42760K(43264K) NonClass: 37924K(38208K)->37924K(38208K) Class: 4836K(5056K)->4836K(5056K)
[2024-07-04T12:05:50.078-0500][gc          ] GC(60) Pause Young (Normal) (G1 Evacuation Pause) 324M->281M(1024M) 72.880ms
[2024-07-04T12:05:50.078-0500][gc,cpu      ] GC(60) User=0.04s Sys=0.10s Real=0.07s
[2024-07-04T12:14:35.214-0500][gc,start    ] GC(61) Pause Young (Normal) (G1 Evacuation Pause)
[2024-07-04T12:14:35.215-0500][gc,task     ] GC(61) Using 8 workers of 8 for evacuation
[2024-07-04T12:14:35.238-0500][gc,mmu      ] GC(61) MMU target violated: 20.9ms (20.0ms/21.0ms)
[2024-07-04T12:14:35.238-0500][gc,phases   ] GC(61)   Pre Evacuate Collection Set: 2.8ms
[2024-07-04T12:14:35.238-0500][gc,phases   ] GC(61)   Merge Heap Roots: 0.1ms
[2024-07-04T12:14:35.238-0500][gc,phases   ] GC(61)   Evacuate Collection Set: 18.0ms
[2024-07-04T12:14:35.238-0500][gc,phases   ] GC(61)   Post Evacuate Collection Set: 1.3ms
[2024-07-04T12:14:35.238-0500][gc,phases   ] GC(61)   Other: 2.1ms
[2024-07-04T12:14:35.238-0500][gc,heap     ] GC(61) Eden regions: 48->0(46)
[2024-07-04T12:14:35.238-0500][gc,heap     ] GC(61) Survivor regions: 3->5(7)
[2024-07-04T12:14:35.238-0500][gc,heap     ] GC(61) Old regions: 131->131
[2024-07-04T12:14:35.238-0500][gc,heap     ] GC(61) Archive regions: 2->2
[2024-07-04T12:14:35.238-0500][gc,heap     ] GC(61) Humongous regions: 147->147
[2024-07-04T12:14:35.238-0500][gc,metaspace] GC(61) Metaspace: 42760K(43264K)->42760K(43264K) NonClass: 37924K(38208K)->37924K(38208K) Class: 4836K(5056K)->4836K(5056K)
[2024-07-04T12:14:35.238-0500][gc          ] GC(61) Pause Young (Normal) (G1 Evacuation Pause) 329M->283M(1024M) 24.016ms
[2024-07-04T12:14:35.238-0500][gc,cpu      ] GC(61) User=0.02s Sys=0.03s Real=0.02s
[2024-07-04T12:22:55.865-0500][gc,start    ] GC(62) Pause Young (Normal) (G1 Evacuation Pause)
[2024-07-04T12:22:55.867-0500][gc,task     ] GC(62) Using 8 workers of 8 for evacuation
[2024-07-04T12:22:55.887-0500][gc,phases   ] GC(62)   Pre Evacuate Collection Set: 0.9ms
[2024-07-04T12:22:55.887-0500][gc,phases   ] GC(62)   Merge Heap Roots: 0.3ms
[2024-07-04T12:22:55.887-0500][gc,phases   ] GC(62)   Evacuate Collection Set: 17.9ms
[2024-07-04T12:22:55.887-0500][gc,phases   ] GC(62)   Post Evacuate Collection Set: 0.9ms
[2024-07-04T12:22:55.887-0500][gc,phases   ] GC(62)   Other: 1.9ms
[2024-07-04T12:22:55.887-0500][gc,heap     ] GC(62) Eden regions: 46->0(45)
[2024-07-04T12:22:55.887-0500][gc,heap     ] GC(62) Survivor regions: 5->6(7)
[2024-07-04T12:22:55.887-0500][gc,heap     ] GC(62) Old regions: 131->133
[2024-07-04T12:22:55.887-0500][gc,heap     ] GC(62) Archive regions: 2->2
[2024-07-04T12:22:55.887-0500][gc,heap     ] GC(62) Humongous regions: 147->147
[2024-07-04T12:22:55.887-0500][gc,metaspace] GC(62) Metaspace: 42761K(43264K)->42761K(43264K) NonClass: 37925K(38208K)->37925K(38208K) Class: 4836K(5056K)->4836K(5056K)
[2024-07-04T12:22:55.887-0500][gc          ] GC(62) Pause Young (Normal) (G1 Evacuation Pause) 329M->285M(1024M) 22.103ms
[2024-07-04T12:22:55.888-0500][gc,cpu      ] GC(62) User=0.03s Sys=0.04s Real=0.02s
[2024-07-04T12:31:07.073-0500][gc,start    ] GC(63) Pause Young (Normal) (G1 Evacuation Pause)
[2024-07-04T12:31:07.075-0500][gc,task     ] GC(63) Using 8 workers of 8 for evacuation
[2024-07-04T12:31:07.119-0500][gc,mmu      ] GC(63) MMU target violated: 21.0ms (20.0ms/21.0ms)
[2024-07-04T12:31:07.119-0500][gc,phases   ] GC(63)   Pre Evacuate Collection Set: 3.2ms
[2024-07-04T12:31:07.119-0500][gc,phases   ] GC(63)   Merge Heap Roots: 0.9ms
[2024-07-04T12:31:07.119-0500][gc,phases   ] GC(63)   Evacuate Collection Set: 38.8ms
[2024-07-04T12:31:07.119-0500][gc,phases   ] GC(63)   Post Evacuate Collection Set: 0.7ms
[2024-07-04T12:31:07.119-0500][gc,phases   ] GC(63)   Other: 3.0ms
[2024-07-04T12:31:07.119-0500][gc,heap     ] GC(63) Eden regions: 45->0(45)
[2024-07-04T12:31:07.119-0500][gc,heap     ] GC(63) Survivor regions: 6->6(7)
[2024-07-04T12:31:07.119-0500][gc,heap     ] GC(63) Old regions: 133->135
[2024-07-04T12:31:07.119-0500][gc,heap     ] GC(63) Archive regions: 2->2
[2024-07-04T12:31:07.119-0500][gc,heap     ] GC(63) Humongous regions: 147->147
[2024-07-04T12:31:07.119-0500][gc,metaspace] GC(63) Metaspace: 42762K(43264K)->42762K(43264K) NonClass: 37926K(38208K)->37926K(38208K) Class: 4836K(5056K)->4836K(5056K)
[2024-07-04T12:31:07.119-0500][gc          ] GC(63) Pause Young (Normal) (G1 Evacuation Pause) 330M->287M(1024M) 46.561ms
[2024-07-04T12:31:07.119-0500][gc,cpu      ] GC(63) User=0.03s Sys=0.05s Real=0.04s
[2024-07-04T12:39:14.272-0500][gc,start    ] GC(64) Pause Young (Normal) (G1 Evacuation Pause)
[2024-07-04T12:39:14.274-0500][gc,task     ] GC(64) Using 8 workers of 8 for evacuation
[2024-07-04T12:39:14.341-0500][gc,mmu      ] GC(64) MMU target violated: 21.0ms (20.0ms/21.0ms)
[2024-07-04T12:39:14.341-0500][gc,phases   ] GC(64)   Pre Evacuate Collection Set: 3.0ms
[2024-07-04T12:39:14.341-0500][gc,phases   ] GC(64)   Merge Heap Roots: 0.4ms
[2024-07-04T12:39:14.341-0500][gc,phases   ] GC(64)   Evacuate Collection Set: 61.2ms
[2024-07-04T12:39:14.341-0500][gc,phases   ] GC(64)   Post Evacuate Collection Set: 1.5ms
[2024-07-04T12:39:14.341-0500][gc,phases   ] GC(64)   Other: 3.1ms
[2024-07-04T12:39:14.341-0500][gc,heap     ] GC(64) Eden regions: 45->0(45)
[2024-07-04T12:39:14.341-0500][gc,heap     ] GC(64) Survivor regions: 6->6(7)
[2024-07-04T12:39:14.341-0500][gc,heap     ] GC(64) Old regions: 135->137
[2024-07-04T12:39:14.341-0500][gc,heap     ] GC(64) Archive regions: 2->2
[2024-07-04T12:39:14.341-0500][gc,heap     ] GC(64) Humongous regions: 147->147
[2024-07-04T12:39:14.341-0500][gc,metaspace] GC(64) Metaspace: 42762K(43264K)->42762K(43264K) NonClass: 37926K(38208K)->37926K(38208K) Class: 4836K(5056K)->4836K(5056K)
[2024-07-04T12:39:14.341-0500][gc          ] GC(64) Pause Young (Normal) (G1 Evacuation Pause) 332M->290M(1024M) 69.120ms
[2024-07-04T12:39:14.341-0500][gc,cpu      ] GC(64) User=0.04s Sys=0.10s Real=0.07s
[2024-07-04T12:47:23.985-0500][gc,start    ] GC(65) Pause Young (Normal) (G1 Evacuation Pause)
[2024-07-04T12:47:23.986-0500][gc,task     ] GC(65) Using 8 workers of 8 for evacuation
[2024-07-04T12:47:24.033-0500][gc,mmu      ] GC(65) MMU target violated: 21.0ms (20.0ms/21.0ms)
[2024-07-04T12:47:24.033-0500][gc,phases   ] GC(65)   Pre Evacuate Collection Set: 3.5ms
[2024-07-04T12:47:24.033-0500][gc,phases   ] GC(65)   Merge Heap Roots: 0.6ms
[2024-07-04T12:47:24.033-0500][gc,phases   ] GC(65)   Evacuate Collection Set: 39.2ms
[2024-07-04T12:47:24.033-0500][gc,phases   ] GC(65)   Post Evacuate Collection Set: 2.2ms
[2024-07-04T12:47:24.033-0500][gc,phases   ] GC(65)   Other: 2.7ms
[2024-07-04T12:47:24.033-0500][gc,heap     ] GC(65) Eden regions: 45->0(45)
[2024-07-04T12:47:24.033-0500][gc,heap     ] GC(65) Survivor regions: 6->6(7)
[2024-07-04T12:47:24.033-0500][gc,heap     ] GC(65) Old regions: 137->140
[2024-07-04T12:47:24.033-0500][gc,heap     ] GC(65) Archive regions: 2->2
[2024-07-04T12:47:24.033-0500][gc,heap     ] GC(65) Humongous regions: 147->147
[2024-07-04T12:47:24.033-0500][gc,metaspace] GC(65) Metaspace: 42763K(43264K)->42763K(43264K) NonClass: 37926K(38208K)->37926K(38208K) Class: 4836K(5056K)->4836K(5056K)
[2024-07-04T12:47:24.033-0500][gc          ] GC(65) Pause Young (Normal) (G1 Evacuation Pause) 335M->292M(1024M) 47.604ms
[2024-07-04T12:47:24.033-0500][gc,cpu      ] GC(65) User=0.03s Sys=0.06s Real=0.05s
[2024-07-04T12:54:44.954-0500][gc,start    ] GC(66) Pause Young (Normal) (G1 Evacuation Pause)
[2024-07-04T12:54:44.955-0500][gc,task     ] GC(66) Using 8 workers of 8 for evacuation
[2024-07-04T12:54:44.999-0500][gc,mmu      ] GC(66) MMU target violated: 21.0ms (20.0ms/21.0ms)
[2024-07-04T12:54:44.999-0500][gc,phases   ] GC(66)   Pre Evacuate Collection Set: 3.7ms
[2024-07-04T12:54:44.999-0500][gc,phases   ] GC(66)   Merge Heap Roots: 0.5ms
[2024-07-04T12:54:44.999-0500][gc,phases   ] GC(66)   Evacuate Collection Set: 37.3ms
[2024-07-04T12:54:44.999-0500][gc,phases   ] GC(66)   Post Evacuate Collection Set: 1.9ms
[2024-07-04T12:54:44.999-0500][gc,phases   ] GC(66)   Other: 2.8ms
[2024-07-04T12:54:44.999-0500][gc,heap     ] GC(66) Eden regions: 45->0(44)
[2024-07-04T12:54:44.999-0500][gc,heap     ] GC(66) Survivor regions: 6->7(7)
[2024-07-04T12:54:44.999-0500][gc,heap     ] GC(66) Old regions: 140->142
[2024-07-04T12:54:44.999-0500][gc,heap     ] GC(66) Archive regions: 2->2
[2024-07-04T12:54:44.999-0500][gc,heap     ] GC(66) Humongous regions: 147->147
[2024-07-04T12:54:44.999-0500][gc,metaspace] GC(66) Metaspace: 42765K(43264K)->42765K(43264K) NonClass: 37929K(38208K)->37929K(38208K) Class: 4836K(5056K)->4836K(5056K)
[2024-07-04T12:54:44.999-0500][gc          ] GC(66) Pause Young (Normal) (G1 Evacuation Pause) 337M->296M(1024M) 45.594ms
[2024-07-04T12:54:44.999-0500][gc,cpu      ] GC(66) User=0.04s Sys=0.07s Real=0.04s
[2024-07-04T13:02:44.207-0500][gc,start    ] GC(67) Pause Young (Normal) (G1 Evacuation Pause)
[2024-07-04T13:02:44.208-0500][gc,task     ] GC(67) Using 8 workers of 8 for evacuation
[2024-07-04T13:02:44.271-0500][gc,mmu      ] GC(67) MMU target violated: 21.0ms (20.0ms/21.0ms)
[2024-07-04T13:02:44.271-0500][gc,phases   ] GC(67)   Pre Evacuate Collection Set: 3.9ms
[2024-07-04T13:02:44.271-0500][gc,phases   ] GC(67)   Merge Heap Roots: 1.2ms
[2024-07-04T13:02:44.271-0500][gc,phases   ] GC(67)   Evacuate Collection Set: 56.0ms
[2024-07-04T13:02:44.271-0500][gc,phases   ] GC(67)   Post Evacuate Collection Set: 1.5ms
[2024-07-04T13:02:44.271-0500][gc,phases   ] GC(67)   Other: 2.3ms
[2024-07-04T13:02:44.271-0500][gc,heap     ] GC(67) Eden regions: 44->0(48)
[2024-07-04T13:02:44.271-0500][gc,heap     ] GC(67) Survivor regions: 7->3(7)
[2024-07-04T13:02:44.271-0500][gc,heap     ] GC(67) Old regions: 142->148
[2024-07-04T13:02:44.271-0500][gc,heap     ] GC(67) Archive regions: 2->2
[2024-07-04T13:02:44.271-0500][gc,heap     ] GC(67) Humongous regions: 147->147
[2024-07-04T13:02:44.271-0500][gc,metaspace] GC(67) Metaspace: 42769K(43264K)->42769K(43264K) NonClass: 37933K(38208K)->37933K(38208K) Class: 4836K(5056K)->4836K(5056K)
[2024-07-04T13:02:44.271-0500][gc          ] GC(67) Pause Young (Normal) (G1 Evacuation Pause) 340M->297M(1024M) 64.027ms
[2024-07-04T13:02:44.271-0500][gc,cpu      ] GC(67) User=0.03s Sys=0.06s Real=0.07s
[2024-07-04T13:06:03.941-0500][gc,heap,exit] Heap
[2024-07-04T13:06:03.942-0500][gc,heap,exit]  garbage-first heap   total 1048576K, used 352367K [0x00000007c0000000, 0x0000000800000000)
[2024-07-04T13:06:03.942-0500][gc,heap,exit]   region size 1024K, 41 young (41984K), 3 survivors (3072K)
[2024-07-04T13:06:03.943-0500][gc,heap,exit]  Metaspace       used 44030K, committed 44544K, reserved 1089536K
[2024-07-04T13:06:03.943-0500][gc,heap,exit]   class space    used 5105K, committed 5312K, reserved 1048576K
